Archive member included to satisfy reference by file (symbol)

c:/st/stm32cubeide_1.6.0/stm32cubeide/plugins/com.st.stm32cube.ide.mcu.externaltools.gnu-tools-for-stm32.9-2020-q2-update.win32_1.5.0.202011040924/tools/bin/../lib/gcc/arm-none-eabi/9.3.1/../../../../arm-none-eabi/lib/thumb/v7e-m+fp/hard\libc_nano.a(lib_a-errno.o)
                              Core/Src/syscalls.o (__errno)
c:/st/stm32cubeide_1.6.0/stm32cubeide/plugins/com.st.stm32cube.ide.mcu.externaltools.gnu-tools-for-stm32.9-2020-q2-update.win32_1.5.0.202011040924/tools/bin/../lib/gcc/arm-none-eabi/9.3.1/../../../../arm-none-eabi/lib/thumb/v7e-m+fp/hard\libc_nano.a(lib_a-exit.o)
                              c:/st/stm32cubeide_1.6.0/stm32cubeide/plugins/com.st.stm32cube.ide.mcu.externaltools.gnu-tools-for-stm32.9-2020-q2-update.win32_1.5.0.202011040924/tools/bin/../lib/gcc/arm-none-eabi/9.3.1/../../../../arm-none-eabi/lib/thumb/v7e-m+fp/hard/crt0.o (exit)
c:/st/stm32cubeide_1.6.0/stm32cubeide/plugins/com.st.stm32cube.ide.mcu.externaltools.gnu-tools-for-stm32.9-2020-q2-update.win32_1.5.0.202011040924/tools/bin/../lib/gcc/arm-none-eabi/9.3.1/../../../../arm-none-eabi/lib/thumb/v7e-m+fp/hard\libc_nano.a(lib_a-impure.o)
                              c:/st/stm32cubeide_1.6.0/stm32cubeide/plugins/com.st.stm32cube.ide.mcu.externaltools.gnu-tools-for-stm32.9-2020-q2-update.win32_1.5.0.202011040924/tools/bin/../lib/gcc/arm-none-eabi/9.3.1/../../../../arm-none-eabi/lib/thumb/v7e-m+fp/hard\libc_nano.a(lib_a-exit.o) (_global_impure_ptr)
c:/st/stm32cubeide_1.6.0/stm32cubeide/plugins/com.st.stm32cube.ide.mcu.externaltools.gnu-tools-for-stm32.9-2020-q2-update.win32_1.5.0.202011040924/tools/bin/../lib/gcc/arm-none-eabi/9.3.1/../../../../arm-none-eabi/lib/thumb/v7e-m+fp/hard\libc_nano.a(lib_a-init.o)
                              c:/st/stm32cubeide_1.6.0/stm32cubeide/plugins/com.st.stm32cube.ide.mcu.externaltools.gnu-tools-for-stm32.9-2020-q2-update.win32_1.5.0.202011040924/tools/bin/../lib/gcc/arm-none-eabi/9.3.1/../../../../arm-none-eabi/lib/thumb/v7e-m+fp/hard/crt0.o (__libc_init_array)
c:/st/stm32cubeide_1.6.0/stm32cubeide/plugins/com.st.stm32cube.ide.mcu.externaltools.gnu-tools-for-stm32.9-2020-q2-update.win32_1.5.0.202011040924/tools/bin/../lib/gcc/arm-none-eabi/9.3.1/../../../../arm-none-eabi/lib/thumb/v7e-m+fp/hard\libc_nano.a(lib_a-memset.o)
                              c:/st/stm32cubeide_1.6.0/stm32cubeide/plugins/com.st.stm32cube.ide.mcu.externaltools.gnu-tools-for-stm32.9-2020-q2-update.win32_1.5.0.202011040924/tools/bin/../lib/gcc/arm-none-eabi/9.3.1/../../../../arm-none-eabi/lib/thumb/v7e-m+fp/hard/crt0.o (memset)
c:/st/stm32cubeide_1.6.0/stm32cubeide/plugins/com.st.stm32cube.ide.mcu.externaltools.gnu-tools-for-stm32.9-2020-q2-update.win32_1.5.0.202011040924/tools/bin/../lib/gcc/arm-none-eabi/9.3.1/thumb/v7e-m+fp/hard\libgcc.a(_aeabi_uldivmod.o)
                              Drivers/STM32F7xx_HAL_Driver/Src/stm32f7xx_hal_rcc.o (__aeabi_uldivmod)
c:/st/stm32cubeide_1.6.0/stm32cubeide/plugins/com.st.stm32cube.ide.mcu.externaltools.gnu-tools-for-stm32.9-2020-q2-update.win32_1.5.0.202011040924/tools/bin/../lib/gcc/arm-none-eabi/9.3.1/thumb/v7e-m+fp/hard\libgcc.a(_udivmoddi4.o)
                              c:/st/stm32cubeide_1.6.0/stm32cubeide/plugins/com.st.stm32cube.ide.mcu.externaltools.gnu-tools-for-stm32.9-2020-q2-update.win32_1.5.0.202011040924/tools/bin/../lib/gcc/arm-none-eabi/9.3.1/thumb/v7e-m+fp/hard\libgcc.a(_aeabi_uldivmod.o) (__udivmoddi4)
c:/st/stm32cubeide_1.6.0/stm32cubeide/plugins/com.st.stm32cube.ide.mcu.externaltools.gnu-tools-for-stm32.9-2020-q2-update.win32_1.5.0.202011040924/tools/bin/../lib/gcc/arm-none-eabi/9.3.1/thumb/v7e-m+fp/hard\libgcc.a(_dvmd_tls.o)
                              c:/st/stm32cubeide_1.6.0/stm32cubeide/plugins/com.st.stm32cube.ide.mcu.externaltools.gnu-tools-for-stm32.9-2020-q2-update.win32_1.5.0.202011040924/tools/bin/../lib/gcc/arm-none-eabi/9.3.1/thumb/v7e-m+fp/hard\libgcc.a(_aeabi_uldivmod.o) (__aeabi_ldiv0)

Allocating common symbols
Common symbol       size              file

buffer_test         0x10000           Core/Src/main.o
uwTick              0x4               Drivers/STM32F7xx_HAL_Driver/Src/stm32f7xx_hal.o
pFlash              0x1c              Drivers/STM32F7xx_HAL_Driver/Src/stm32f7xx_hal_flash.o
JumpToApplication   0x4               Core/Src/main.o
hqspi               0x4c              Core/Src/quadspi.o

Discarded input sections

 .text          0x0000000000000000        0x0 c:/st/stm32cubeide_1.6.0/stm32cubeide/plugins/com.st.stm32cube.ide.mcu.externaltools.gnu-tools-for-stm32.9-2020-q2-update.win32_1.5.0.202011040924/tools/bin/../lib/gcc/arm-none-eabi/9.3.1/thumb/v7e-m+fp/hard/crti.o
 .data          0x0000000000000000        0x0 c:/st/stm32cubeide_1.6.0/stm32cubeide/plugins/com.st.stm32cube.ide.mcu.externaltools.gnu-tools-for-stm32.9-2020-q2-update.win32_1.5.0.202011040924/tools/bin/../lib/gcc/arm-none-eabi/9.3.1/thumb/v7e-m+fp/hard/crti.o
[...]
Memory Configuration

Name             Origin             Length             Attributes
RAM              0x0000000020000000 0x0000000000050000 xrw
FLASH            0x0000000008000000 0x0000000000004000 xr
*default*        0x0000000000000000 0xffffffffffffffff

Linker script and memory map

LOAD c:/st/stm32cubeide_1.6.0/stm32cubeide/plugins/com.st.stm32cube.ide.mcu.externaltools.gnu-tools-for-stm32.9-2020-q2-update.win32_1.5.0.202011040924/tools/bin/../lib/gcc/arm-none-eabi/9.3.1/thumb/v7e-m+fp/hard/crti.o
LOAD c:/st/stm32cubeide_1.6.0/stm32cubeide/plugins/com.st.stm32cube.ide.mcu.externaltools.gnu-tools-for-stm32.9-2020-q2-update.win32_1.5.0.202011040924/tools/bin/../lib/gcc/arm-none-eabi/9.3.1/thumb/v7e-m+fp/hard/crtbegin.o
LOAD c:/st/stm32cubeide_1.6.0/stm32cubeide/plugins/com.st.stm32cube.ide.mcu.externaltools.gnu-tools-for-stm32.9-2020-q2-update.win32_1.5.0.202011040924/tools/bin/../lib/gcc/arm-none-eabi/9.3.1/../../../../arm-none-eabi/lib/thumb/v7e-m+fp/hard/crt0.o
LOAD Core/Src/gpio.o
LOAD Core/Src/main.o
LOAD Core/Src/quadspi.o
LOAD Core/Src/stm32f7xx_hal_msp.o
LOAD Core/Src/stm32f7xx_it.o
LOAD Core/Src/syscalls.o
LOAD Core/Src/sysmem.o
LOAD Core/Src/system_stm32f7xx.o
LOAD Core/Startup/startup_stm32f750n8hx.o
LOAD Drivers/STM32F7xx_HAL_Driver/Src/stm32f7xx_hal.o
LOAD Drivers/STM32F7xx_HAL_Driver/Src/stm32f7xx_hal_cortex.o
LOAD Drivers/STM32F7xx_HAL_Driver/Src/stm32f7xx_hal_dma.o
LOAD Drivers/STM32F7xx_HAL_Driver/Src/stm32f7xx_hal_dma_ex.o
LOAD Drivers/STM32F7xx_HAL_Driver/Src/stm32f7xx_hal_exti.o
LOAD Drivers/STM32F7xx_HAL_Driver/Src/stm32f7xx_hal_flash.o
LOAD Drivers/STM32F7xx_HAL_Driver/Src/stm32f7xx_hal_flash_ex.o
LOAD Drivers/STM32F7xx_HAL_Driver/Src/stm32f7xx_hal_gpio.o
LOAD Drivers/STM32F7xx_HAL_Driver/Src/stm32f7xx_hal_i2c.o
LOAD Drivers/STM32F7xx_HAL_Driver/Src/stm32f7xx_hal_i2c_ex.o
LOAD Drivers/STM32F7xx_HAL_Driver/Src/stm32f7xx_hal_pwr.o
LOAD Drivers/STM32F7xx_HAL_Driver/Src/stm32f7xx_hal_pwr_ex.o
LOAD Drivers/STM32F7xx_HAL_Driver/Src/stm32f7xx_hal_qspi.o
LOAD Drivers/STM32F7xx_HAL_Driver/Src/stm32f7xx_hal_rcc.o
LOAD Drivers/STM32F7xx_HAL_Driver/Src/stm32f7xx_hal_rcc_ex.o
LOAD Drivers/STM32F7xx_HAL_Driver/Src/stm32f7xx_hal_tim.o
LOAD Drivers/STM32F7xx_HAL_Driver/Src/stm32f7xx_hal_tim_ex.o
START GROUP
LOAD c:/st/stm32cubeide_1.6.0/stm32cubeide/plugins/com.st.stm32cube.ide.mcu.externaltools.gnu-tools-for-stm32.9-2020-q2-update.win32_1.5.0.202011040924/tools/bin/../lib/gcc/arm-none-eabi/9.3.1/../../../../arm-none-eabi/lib/thumb/v7e-m+fp/hard\libc_nano.a
LOAD c:/st/stm32cubeide_1.6.0/stm32cubeide/plugins/com.st.stm32cube.ide.mcu.externaltools.gnu-tools-for-stm32.9-2020-q2-update.win32_1.5.0.202011040924/tools/bin/../lib/gcc/arm-none-eabi/9.3.1/../../../../arm-none-eabi/lib/thumb/v7e-m+fp/hard\libm.a
END GROUP
START GROUP
LOAD c:/st/stm32cubeide_1.6.0/stm32cubeide/plugins/com.st.stm32cube.ide.mcu.externaltools.gnu-tools-for-stm32.9-2020-q2-update.win32_1.5.0.202011040924/tools/bin/../lib/gcc/arm-none-eabi/9.3.1/thumb/v7e-m+fp/hard\libgcc.a
LOAD c:/st/stm32cubeide_1.6.0/stm32cubeide/plugins/com.st.stm32cube.ide.mcu.externaltools.gnu-tools-for-stm32.9-2020-q2-update.win32_1.5.0.202011040924/tools/bin/../lib/gcc/arm-none-eabi/9.3.1/../../../../arm-none-eabi/lib/thumb/v7e-m+fp/hard\libc_nano.a
END GROUP
START GROUP
LOAD c:/st/stm32cubeide_1.6.0/stm32cubeide/plugins/com.st.stm32cube.ide.mcu.externaltools.gnu-tools-for-stm32.9-2020-q2-update.win32_1.5.0.202011040924/tools/bin/../lib/gcc/arm-none-eabi/9.3.1/thumb/v7e-m+fp/hard\libgcc.a
LOAD c:/st/stm32cubeide_1.6.0/stm32cubeide/plugins/com.st.stm32cube.ide.mcu.externaltools.gnu-tools-for-stm32.9-2020-q2-update.win32_1.5.0.202011040924/tools/bin/../lib/gcc/arm-none-eabi/9.3.1/../../../../arm-none-eabi/lib/thumb/v7e-m+fp/hard\libc_nano.a
LOAD c:/st/stm32cubeide_1.6.0/stm32cubeide/plugins/com.st.stm32cube.ide.mcu.externaltools.gnu-tools-for-stm32.9-2020-q2-update.win32_1.5.0.202011040924/tools/bin/../lib/gcc/arm-none-eabi/9.3.1/../../../../arm-none-eabi/lib/thumb/v7e-m+fp/hard\libnosys.a
END GROUP
START GROUP
LOAD c:/st/stm32cubeide_1.6.0/stm32cubeide/plugins/com.st.stm32cube.ide.mcu.externaltools.gnu-tools-for-stm32.9-2020-q2-update.win32_1.5.0.202011040924/tools/bin/../lib/gcc/arm-none-eabi/9.3.1/thumb/v7e-m+fp/hard\libgcc.a
LOAD c:/st/stm32cubeide_1.6.0/stm32cubeide/plugins/com.st.stm32cube.ide.mcu.externaltools.gnu-tools-for-stm32.9-2020-q2-update.win32_1.5.0.202011040924/tools/bin/../lib/gcc/arm-none-eabi/9.3.1/../../../../arm-none-eabi/lib/thumb/v7e-m+fp/hard\libc_nano.a
LOAD c:/st/stm32cubeide_1.6.0/stm32cubeide/plugins/com.st.stm32cube.ide.mcu.externaltools.gnu-tools-for-stm32.9-2020-q2-update.win32_1.5.0.202011040924/tools/bin/../lib/gcc/arm-none-eabi/9.3.1/../../../../arm-none-eabi/lib/thumb/v7e-m+fp/hard\libnosys.a
END GROUP
LOAD c:/st/stm32cubeide_1.6.0/stm32cubeide/plugins/com.st.stm32cube.ide.mcu.externaltools.gnu-tools-for-stm32.9-2020-q2-update.win32_1.5.0.202011040924/tools/bin/../lib/gcc/arm-none-eabi/9.3.1/thumb/v7e-m+fp/hard/crtend.o
LOAD c:/st/stm32cubeide_1.6.0/stm32cubeide/plugins/com.st.stm32cube.ide.mcu.externaltools.gnu-tools-for-stm32.9-2020-q2-update.win32_1.5.0.202011040924/tools/bin/../lib/gcc/arm-none-eabi/9.3.1/thumb/v7e-m+fp/hard/crtn.o
                0x0000000020050000                _estack = (ORIGIN (RAM) + LENGTH (RAM))
                0x0000000000000200                _Min_Heap_Size = 0x200
                0x0000000000000400                _Min_Stack_Size = 0x400

.isr_vector     0x0000000008000000      0x1c8
                0x0000000008000000                . = ALIGN (0x4)
 *(.isr_vector)
 .isr_vector    0x0000000008000000      0x1c8 Core/Startup/startup_stm32f750n8hx.o
                0x0000000008000000                g_pfnVectors
                0x00000000080001c8                . = ALIGN (0x4)

.text           0x00000000080001c8     0x2c10
                0x00000000080001c8                . = ALIGN (0x4)
 *(.text)
 .text          0x00000000080001c8       0x40 c:/st/stm32cubeide_1.6.0/stm32cubeide/plugins/com.st.stm32cube.ide.mcu.externaltools.gnu-tools-for-stm32.9-2020-q2-update.win32_1.5.0.202011040924/tools/bin/../lib/gcc/arm-none-eabi/9.3.1/thumb/v7e-m+fp/hard/crtbegin.o
 .text          0x0000000008000208       0x30 c:/st/stm32cubeide_1.6.0/stm32cubeide/plugins/com.st.stm32cube.ide.mcu.externaltools.gnu-tools-for-stm32.9-2020-q2-update.win32_1.5.0.202011040924/tools/bin/../lib/gcc/arm-none-eabi/9.3.1/thumb/v7e-m+fp/hard\libgcc.a(_aeabi_uldivmod.o)
                0x0000000008000208                __aeabi_uldivmod
 .text          0x0000000008000238      0x2c4 c:/st/stm32cubeide_1.6.0/stm32cubeide/plugins/com.st.stm32cube.ide.mcu.externaltools.gnu-tools-for-stm32.9-2020-q2-update.win32_1.5.0.202011040924/tools/bin/../lib/gcc/arm-none-eabi/9.3.1/thumb/v7e-m+fp/hard\libgcc.a(_udivmoddi4.o)
                0x0000000008000238                __udivmoddi4
 .text          0x00000000080004fc        0x4 c:/st/stm32cubeide_1.6.0/stm32cubeide/plugins/com.st.stm32cube.ide.mcu.externaltools.gnu-tools-for-stm32.9-2020-q2-update.win32_1.5.0.202011040924/tools/bin/../lib/gcc/arm-none-eabi/9.3.1/thumb/v7e-m+fp/hard\libgcc.a(_dvmd_tls.o)
                0x00000000080004fc                __aeabi_idiv0
                0x00000000080004fc                __aeabi_ldiv0
 *(.text*)
 .text.MX_GPIO_Init
                0x0000000008000500      0x114 Core/Src/gpio.o
                0x0000000008000500                MX_GPIO_Init
 .text.SCB_EnableICache
                0x0000000008000614       0x4c Core/Src/main.o
 .text.SCB_DisableICache
                0x0000000008000660       0x40 Core/Src/main.o
 .text.SCB_EnableDCache
                0x00000000080006a0       0x88 Core/Src/main.o
 .text.SCB_DisableDCache
                0x0000000008000728       0x88 Core/Src/main.o
 .text.JumpToAPP
                0x00000000080007b0       0x38 Core/Src/main.o
                0x00000000080007b0                JumpToAPP
 .text.bl_main  0x00000000080007e8       0x44 Core/Src/main.o
                0x00000000080007e8                bl_main
 .text.SystemClock_Config
                0x000000000800082c       0xe0 Core/Src/main.o
                0x000000000800082c                SystemClock_Config
 .text.Error_Handler
                0x000000000800090c        0xa Core/Src/main.o
                0x000000000800090c                Error_Handler
 *fill*         0x0000000008000916        0x2 
 .text.MX_QUADSPI_Init
                0x0000000008000918       0x58 Core/Src/quadspi.o
                0x0000000008000918                MX_QUADSPI_Init
 .text.HAL_QSPI_MspInit
                0x0000000008000970      0x120 Core/Src/quadspi.o
                0x0000000008000970                HAL_QSPI_MspInit
 .text.HAL_QSPI_MspDeInit
                0x0000000008000a90       0x54 Core/Src/quadspi.o
                0x0000000008000a90                HAL_QSPI_MspDeInit
 .text.CSP_QUADSPI_Init
                0x0000000008000ae4       0x60 Core/Src/quadspi.o
                0x0000000008000ae4                CSP_QUADSPI_Init
 .text.QSPI_AutoPollingMemReady
                0x0000000008000b44       0x70 Core/Src/quadspi.o
 .text.QSPI_WriteEnable
                0x0000000008000bb4       0x94 Core/Src/quadspi.o
 .text.QSPI_Configuration
                0x0000000008000c48      0x154 Core/Src/quadspi.o
 .text.CSP_QSPI_EnableMemoryMappedMode
                0x0000000008000d9c       0x68 Core/Src/quadspi.o
                0x0000000008000d9c                CSP_QSPI_EnableMemoryMappedMode
 .text.QSPI_ResetChip
                0x0000000008000e04       0xbc Core/Src/quadspi.o
 .text.HAL_MspInit
                0x0000000008000ec0       0x48 Core/Src/stm32f7xx_hal_msp.o
                0x0000000008000ec0                HAL_MspInit
 .text.NMI_Handler
                0x0000000008000f08        0x6 Core/Src/stm32f7xx_it.o
                0x0000000008000f08                NMI_Handler
 .text.HardFault_Handler
                0x0000000008000f0e        0x6 Core/Src/stm32f7xx_it.o
                0x0000000008000f0e                HardFault_Handler
 .text.MemManage_Handler
                0x0000000008000f14        0x6 Core/Src/stm32f7xx_it.o
                0x0000000008000f14                MemManage_Handler
 .text.BusFault_Handler
                0x0000000008000f1a        0x6 Core/Src/stm32f7xx_it.o
                0x0000000008000f1a                BusFault_Handler
 .text.UsageFault_Handler
                0x0000000008000f20        0x6 Core/Src/stm32f7xx_it.o
                0x0000000008000f20                UsageFault_Handler
 .text.SVC_Handler
                0x0000000008000f26        0xe Core/Src/stm32f7xx_it.o
                0x0000000008000f26                SVC_Handler
 .text.DebugMon_Handler
                0x0000000008000f34        0xe Core/Src/stm32f7xx_it.o
                0x0000000008000f34                DebugMon_Handler
 .text.PendSV_Handler
                0x0000000008000f42        0xe Core/Src/stm32f7xx_it.o
                0x0000000008000f42                PendSV_Handler
 .text.SysTick_Handler
                0x0000000008000f50        0xc Core/Src/stm32f7xx_it.o
                0x0000000008000f50                SysTick_Handler
 .text.SystemInit
                0x0000000008000f5c       0x6c Core/Src/system_stm32f7xx.o
                0x0000000008000f5c                SystemInit
 .text.Reset_Handler
                0x0000000008000fc8       0x50 Core/Startup/startup_stm32f750n8hx.o
                0x0000000008000fc8                Reset_Handler
 .text.Default_Handler
                0x0000000008001018        0x2 Core/Startup/startup_stm32f750n8hx.o
                0x0000000008001018                RTC_Alarm_IRQHandler
                0x0000000008001018                HASH_RNG_IRQHandler
                0x0000000008001018                EXTI2_IRQHandler
                0x0000000008001018                TIM8_CC_IRQHandler
                0x0000000008001018                UART8_IRQHandler
                0x0000000008001018                SPI4_IRQHandler
                0x0000000008001018                TIM1_CC_IRQHandler
                0x0000000008001018                DMA2_Stream5_IRQHandler
                0x0000000008001018                DMA1_Stream5_IRQHandler
                0x0000000008001018                PVD_IRQHandler
                0x0000000008001018                TAMP_STAMP_IRQHandler
                0x0000000008001018                CAN2_RX1_IRQHandler
                0x0000000008001018                EXTI3_IRQHandler
                0x0000000008001018                TIM8_TRG_COM_TIM14_IRQHandler
                0x0000000008001018                TIM1_UP_TIM10_IRQHandler
                0x0000000008001018                TIM8_UP_TIM13_IRQHandler
                0x0000000008001018                I2C3_ER_IRQHandler
                0x0000000008001018                EXTI0_IRQHandler
                0x0000000008001018                I2C2_EV_IRQHandler
                0x0000000008001018                DMA1_Stream2_IRQHandler
                0x0000000008001018                CAN1_RX0_IRQHandler
                0x0000000008001018                FPU_IRQHandler
                0x0000000008001018                OTG_HS_WKUP_IRQHandler
                0x0000000008001018                LTDC_ER_IRQHandler
                0x0000000008001018                CAN2_SCE_IRQHandler
                0x0000000008001018                DMA2_Stream2_IRQHandler
                0x0000000008001018                SPI1_IRQHandler
                0x0000000008001018                TIM6_DAC_IRQHandler
                0x0000000008001018                TIM1_BRK_TIM9_IRQHandler
                0x0000000008001018                DCMI_IRQHandler
                0x0000000008001018                CAN2_RX0_IRQHandler
                0x0000000008001018                DMA2_Stream3_IRQHandler
                0x0000000008001018                SAI2_IRQHandler
                0x0000000008001018                USART6_IRQHandler
                0x0000000008001018                USART3_IRQHandler
                0x0000000008001018                CRYP_IRQHandler
                0x0000000008001018                CAN1_RX1_IRQHandler
                0x0000000008001018                UART5_IRQHandler
                0x0000000008001018                DMA2_Stream0_IRQHandler
                0x0000000008001018                TIM4_IRQHandler
                0x0000000008001018                QUADSPI_IRQHandler
                0x0000000008001018                I2C1_EV_IRQHandler
                0x0000000008001018                DMA1_Stream6_IRQHandler
                0x0000000008001018                DMA1_Stream1_IRQHandler
                0x0000000008001018                UART4_IRQHandler
                0x0000000008001018                TIM3_IRQHandler
                0x0000000008001018                RCC_IRQHandler
                0x0000000008001018                TIM8_BRK_TIM12_IRQHandler
                0x0000000008001018                Default_Handler
                0x0000000008001018                CEC_IRQHandler
                0x0000000008001018                EXTI15_10_IRQHandler
                0x0000000008001018                ADC_IRQHandler
                0x0000000008001018                DMA1_Stream7_IRQHandler
                0x0000000008001018                SPI5_IRQHandler
                0x0000000008001018                TIM7_IRQHandler
                0x0000000008001018                SDMMC1_IRQHandler
                0x0000000008001018                CAN2_TX_IRQHandler
                0x0000000008001018                TIM5_IRQHandler
                0x0000000008001018                DMA2_Stream7_IRQHandler
                0x0000000008001018                I2C3_EV_IRQHandler
                0x0000000008001018                EXTI9_5_IRQHandler
                0x0000000008001018                RTC_WKUP_IRQHandler
                0x0000000008001018                LTDC_IRQHandler
                0x0000000008001018                ETH_WKUP_IRQHandler
                0x0000000008001018                SPDIF_RX_IRQHandler
                0x0000000008001018                SPI2_IRQHandler
                0x0000000008001018                OTG_HS_EP1_IN_IRQHandler
                0x0000000008001018                DMA1_Stream0_IRQHandler
                0x0000000008001018                CAN1_TX_IRQHandler
                0x0000000008001018                EXTI4_IRQHandler
                0x0000000008001018                ETH_IRQHandler
                0x0000000008001018                OTG_HS_EP1_OUT_IRQHandler
                0x0000000008001018                WWDG_IRQHandler
                0x0000000008001018                SPI6_IRQHandler
                0x0000000008001018                I2C4_EV_IRQHandler
                0x0000000008001018                TIM2_IRQHandler
                0x0000000008001018                OTG_FS_WKUP_IRQHandler
                0x0000000008001018                TIM1_TRG_COM_TIM11_IRQHandler
                0x0000000008001018                OTG_HS_IRQHandler
                0x0000000008001018                DMA2D_IRQHandler
                0x0000000008001018                EXTI1_IRQHandler
                0x0000000008001018                UART7_IRQHandler
                0x0000000008001018                USART2_IRQHandler
                0x0000000008001018                I2C2_ER_IRQHandler
                0x0000000008001018                DMA2_Stream1_IRQHandler
                0x0000000008001018                CAN1_SCE_IRQHandler
                0x0000000008001018                FLASH_IRQHandler
                0x0000000008001018                DMA2_Stream4_IRQHandler
                0x0000000008001018                USART1_IRQHandler
                0x0000000008001018                OTG_FS_IRQHandler
                0x0000000008001018                SPI3_IRQHandler
                0x0000000008001018                DMA1_Stream4_IRQHandler
                0x0000000008001018                I2C1_ER_IRQHandler
                0x0000000008001018                FMC_IRQHandler
                0x0000000008001018                LPTIM1_IRQHandler
                0x0000000008001018                I2C4_ER_IRQHandler
                0x0000000008001018                DMA2_Stream6_IRQHandler
                0x0000000008001018                SAI1_IRQHandler
                0x0000000008001018                DMA1_Stream3_IRQHandler
 *fill*         0x000000000800101a        0x2 
 .text.HAL_Init
                0x000000000800101c       0x38 Drivers/STM32F7xx_HAL_Driver/Src/stm32f7xx_hal.o
                0x000000000800101c                HAL_Init
 .text.HAL_InitTick
                0x0000000008001054       0x60 Drivers/STM32F7xx_HAL_Driver/Src/stm32f7xx_hal.o
                0x0000000008001054                HAL_InitTick
 .text.HAL_IncTick
                0x00000000080010b4       0x28 Drivers/STM32F7xx_HAL_Driver/Src/stm32f7xx_hal.o
                0x00000000080010b4                HAL_IncTick
 .text.HAL_GetTick
                0x00000000080010dc       0x18 Drivers/STM32F7xx_HAL_Driver/Src/stm32f7xx_hal.o
                0x00000000080010dc                HAL_GetTick
 .text.HAL_Delay
                0x00000000080010f4       0x48 Drivers/STM32F7xx_HAL_Driver/Src/stm32f7xx_hal.o
                0x00000000080010f4                HAL_Delay
 .text.__NVIC_SetPriorityGrouping
                0x000000000800113c       0x48 Drivers/STM32F7xx_HAL_Driver/Src/stm32f7xx_hal_cortex.o
 .text.__NVIC_GetPriorityGrouping
                0x0000000008001184       0x1c Drivers/STM32F7xx_HAL_Driver/Src/stm32f7xx_hal_cortex.o
 .text.__NVIC_SetPriority
                0x00000000080011a0       0x54 Drivers/STM32F7xx_HAL_Driver/Src/stm32f7xx_hal_cortex.o
 .text.NVIC_EncodePriority
                0x00000000080011f4       0x66 Drivers/STM32F7xx_HAL_Driver/Src/stm32f7xx_hal_cortex.o
 *fill*         0x000000000800125a        0x2 
 .text.SysTick_Config
                0x000000000800125c       0x44 Drivers/STM32F7xx_HAL_Driver/Src/stm32f7xx_hal_cortex.o
 .text.HAL_NVIC_SetPriorityGrouping
                0x00000000080012a0       0x16 Drivers/STM32F7xx_HAL_Driver/Src/stm32f7xx_hal_cortex.o
                0x00000000080012a0                HAL_NVIC_SetPriorityGrouping
 .text.HAL_NVIC_SetPriority
                0x00000000080012b6       0x38 Drivers/STM32F7xx_HAL_Driver/Src/stm32f7xx_hal_cortex.o
                0x00000000080012b6                HAL_NVIC_SetPriority
 .text.HAL_SYSTICK_Config
                0x00000000080012ee       0x18 Drivers/STM32F7xx_HAL_Driver/Src/stm32f7xx_hal_cortex.o
                0x00000000080012ee                HAL_SYSTICK_Config
 .text.HAL_DMA_Abort
                0x0000000008001306       0xe0 Drivers/STM32F7xx_HAL_Driver/Src/stm32f7xx_hal_dma.o
                0x0000000008001306                HAL_DMA_Abort
 *fill*         0x00000000080013e6        0x2 
 .text.HAL_GPIO_Init
                0x00000000080013e8      0x358 Drivers/STM32F7xx_HAL_Driver/Src/stm32f7xx_hal_gpio.o
                0x00000000080013e8                HAL_GPIO_Init
 .text.HAL_GPIO_DeInit
                0x0000000008001740      0x218 Drivers/STM32F7xx_HAL_Driver/Src/stm32f7xx_hal_gpio.o
                0x0000000008001740                HAL_GPIO_DeInit
 .text.HAL_GPIO_WritePin
                0x0000000008001958       0x32 Drivers/STM32F7xx_HAL_Driver/Src/stm32f7xx_hal_gpio.o
                0x0000000008001958                HAL_GPIO_WritePin
 *fill*         0x000000000800198a        0x2 
 .text.HAL_PWR_EnableBkUpAccess
                0x000000000800198c       0x20 Drivers/STM32F7xx_HAL_Driver/Src/stm32f7xx_hal_pwr.o
                0x000000000800198c                HAL_PWR_EnableBkUpAccess
 .text.HAL_PWREx_EnableOverDrive
                0x00000000080019ac       0xa0 Drivers/STM32F7xx_HAL_Driver/Src/stm32f7xx_hal_pwr_ex.o
                0x00000000080019ac                HAL_PWREx_EnableOverDrive
 .text.HAL_QSPI_Init
                0x0000000008001a4c       0xf8 Drivers/STM32F7xx_HAL_Driver/Src/stm32f7xx_hal_qspi.o
                0x0000000008001a4c                HAL_QSPI_Init
 .text.HAL_QSPI_DeInit
                0x0000000008001b44       0x48 Drivers/STM32F7xx_HAL_Driver/Src/stm32f7xx_hal_qspi.o
                0x0000000008001b44                HAL_QSPI_DeInit
 .text.HAL_QSPI_Command
                0x0000000008001b8c       0xbc Drivers/STM32F7xx_HAL_Driver/Src/stm32f7xx_hal_qspi.o
                0x0000000008001b8c                HAL_QSPI_Command
 .text.HAL_QSPI_Transmit
                0x0000000008001c48      0x12e Drivers/STM32F7xx_HAL_Driver/Src/stm32f7xx_hal_qspi.o
                0x0000000008001c48                HAL_QSPI_Transmit
 .text.HAL_QSPI_Receive
                0x0000000008001d76      0x144 Drivers/STM32F7xx_HAL_Driver/Src/stm32f7xx_hal_qspi.o
                0x0000000008001d76                HAL_QSPI_Receive
 .text.HAL_QSPI_AutoPolling
                0x0000000008001eba       0xee Drivers/STM32F7xx_HAL_Driver/Src/stm32f7xx_hal_qspi.o
                0x0000000008001eba                HAL_QSPI_AutoPolling
 .text.HAL_QSPI_MemoryMapped
                0x0000000008001fa8       0xc4 Drivers/STM32F7xx_HAL_Driver/Src/stm32f7xx_hal_qspi.o
                0x0000000008001fa8                HAL_QSPI_MemoryMapped
 .text.HAL_QSPI_Abort
                0x000000000800206c       0xda Drivers/STM32F7xx_HAL_Driver/Src/stm32f7xx_hal_qspi.o
                0x000000000800206c                HAL_QSPI_Abort
 .text.HAL_QSPI_SetTimeout
                0x0000000008002146       0x1c Drivers/STM32F7xx_HAL_Driver/Src/stm32f7xx_hal_qspi.o
                0x0000000008002146                HAL_QSPI_SetTimeout
 .text.QSPI_WaitFlagStateUntilTimeout
                0x0000000008002162       0x6e Drivers/STM32F7xx_HAL_Driver/Src/stm32f7xx_hal_qspi.o
 .text.QSPI_Config
                0x00000000080021d0      0x30c Drivers/STM32F7xx_HAL_Driver/Src/stm32f7xx_hal_qspi.o
 .text.HAL_RCC_OscConfig
                0x00000000080024dc      0x548 Drivers/STM32F7xx_HAL_Driver/Src/stm32f7xx_hal_rcc.o
                0x00000000080024dc                HAL_RCC_OscConfig
 .text.HAL_RCC_ClockConfig
                0x0000000008002a24      0x1d8 Drivers/STM32F7xx_HAL_Driver/Src/stm32f7xx_hal_rcc.o
                0x0000000008002a24                HAL_RCC_ClockConfig
 .text.HAL_RCC_GetSysClockFreq
                0x0000000008002bfc      0x16c Drivers/STM32F7xx_HAL_Driver/Src/stm32f7xx_hal_rcc.o
                0x0000000008002bfc                HAL_RCC_GetSysClockFreq
 .text.__libc_init_array
                0x0000000008002d68       0x48 c:/st/stm32cubeide_1.6.0/stm32cubeide/plugins/com.st.stm32cube.ide.mcu.externaltools.gnu-tools-for-stm32.9-2020-q2-update.win32_1.5.0.202011040924/tools/bin/../lib/gcc/arm-none-eabi/9.3.1/../../../../arm-none-eabi/lib/thumb/v7e-m+fp/hard\libc_nano.a(lib_a-init.o)
                0x0000000008002d68                __libc_init_array
 .text.memset   0x0000000008002db0       0x10 c:/st/stm32cubeide_1.6.0/stm32cubeide/plugins/com.st.stm32cube.ide.mcu.externaltools.gnu-tools-for-stm32.9-2020-q2-update.win32_1.5.0.202011040924/tools/bin/../lib/gcc/arm-none-eabi/9.3.1/../../../../arm-none-eabi/lib/thumb/v7e-m+fp/hard\libc_nano.a(lib_a-memset.o)
                0x0000000008002db0                memset
 *(.glue_7)
 .glue_7        0x0000000008002dc0        0x0 linker stubs
 *(.glue_7t)
 .glue_7t       0x0000000008002dc0        0x0 linker stubs
 *(.eh_frame)
 .eh_frame      0x0000000008002dc0        0x0 c:/st/stm32cubeide_1.6.0/stm32cubeide/plugins/com.st.stm32cube.ide.mcu.externaltools.gnu-tools-for-stm32.9-2020-q2-update.win32_1.5.0.202011040924/tools/bin/../lib/gcc/arm-none-eabi/9.3.1/thumb/v7e-m+fp/hard/crtbegin.o
 *(.init)
 .init          0x0000000008002dc0        0x4 c:/st/stm32cubeide_1.6.0/stm32cubeide/plugins/com.st.stm32cube.ide.mcu.externaltools.gnu-tools-for-stm32.9-2020-q2-update.win32_1.5.0.202011040924/tools/bin/../lib/gcc/arm-none-eabi/9.3.1/thumb/v7e-m+fp/hard/crti.o
                0x0000000008002dc0                _init
 .init          0x0000000008002dc4        0x8 c:/st/stm32cubeide_1.6.0/stm32cubeide/plugins/com.st.stm32cube.ide.mcu.externaltools.gnu-tools-for-stm32.9-2020-q2-update.win32_1.5.0.202011040924/tools/bin/../lib/gcc/arm-none-eabi/9.3.1/thumb/v7e-m+fp/hard/crtn.o
 *(.fini)
 .fini          0x0000000008002dcc        0x4 c:/st/stm32cubeide_1.6.0/stm32cubeide/plugins/com.st.stm32cube.ide.mcu.externaltools.gnu-tools-for-stm32.9-2020-q2-update.win32_1.5.0.202011040924/tools/bin/../lib/gcc/arm-none-eabi/9.3.1/thumb/v7e-m+fp/hard/crti.o
                0x0000000008002dcc                _fini
 .fini          0x0000000008002dd0        0x8 c:/st/stm32cubeide_1.6.0/stm32cubeide/plugins/com.st.stm32cube.ide.mcu.externaltools.gnu-tools-for-stm32.9-2020-q2-update.win32_1.5.0.202011040924/tools/bin/../lib/gcc/arm-none-eabi/9.3.1/thumb/v7e-m+fp/hard/crtn.o
                0x0000000008002dd8                . = ALIGN (0x4)
                0x0000000008002dd8                _etext = .

.vfp11_veneer   0x0000000008002dd8        0x0
 .vfp11_veneer  0x0000000008002dd8        0x0 linker stubs

.v4_bx          0x0000000008002dd8        0x0
 .v4_bx         0x0000000008002dd8        0x0 linker stubs

.iplt           0x0000000008002dd8        0x0
 .iplt          0x0000000008002dd8        0x0 c:/st/stm32cubeide_1.6.0/stm32cubeide/plugins/com.st.stm32cube.ide.mcu.externaltools.gnu-tools-for-stm32.9-2020-q2-update.win32_1.5.0.202011040924/tools/bin/../lib/gcc/arm-none-eabi/9.3.1/thumb/v7e-m+fp/hard/crtbegin.o

.rodata         0x0000000008002dd8       0x10
                0x0000000008002dd8                . = ALIGN (0x4)
 *(.rodata)
 *(.rodata*)
 .rodata.AHBPrescTable
                0x0000000008002dd8       0x10 Core/Src/system_stm32f7xx.o
                0x0000000008002dd8                AHBPrescTable
                0x0000000008002de8                . = ALIGN (0x4)

.ARM.extab      0x0000000008002de8        0x0
                0x0000000008002de8                . = ALIGN (0x4)
 *(.ARM.extab* .gnu.linkonce.armextab.*)
                0x0000000008002de8                . = ALIGN (0x4)

.ARM            0x0000000008002de8        0x8
                0x0000000008002de8                . = ALIGN (0x4)
                0x0000000008002de8                __exidx_start = .
 *(.ARM.exidx*)
 .ARM.exidx     0x0000000008002de8        0x8 c:/st/stm32cubeide_1.6.0/stm32cubeide/plugins/com.st.stm32cube.ide.mcu.externaltools.gnu-tools-for-stm32.9-2020-q2-update.win32_1.5.0.202011040924/tools/bin/../lib/gcc/arm-none-eabi/9.3.1/thumb/v7e-m+fp/hard\libgcc.a(_udivmoddi4.o)
                0x0000000008002df0                __exidx_end = .
                0x0000000008002df0                . = ALIGN (0x4)

.rel.dyn        0x0000000008002df0        0x0
 .rel.iplt      0x0000000008002df0        0x0 c:/st/stm32cubeide_1.6.0/stm32cubeide/plugins/com.st.stm32cube.ide.mcu.externaltools.gnu-tools-for-stm32.9-2020-q2-update.win32_1.5.0.202011040924/tools/bin/../lib/gcc/arm-none-eabi/9.3.1/thumb/v7e-m+fp/hard/crtbegin.o

.preinit_array  0x0000000008002df0        0x0
                0x0000000008002df0                . = ALIGN (0x4)
                0x0000000008002df0                PROVIDE (__preinit_array_start = .)
 *(.preinit_array*)
                0x0000000008002df0                PROVIDE (__preinit_array_end = .)
                0x0000000008002df0                . = ALIGN (0x4)

.init_array     0x0000000008002df0        0x4
                0x0000000008002df0                . = ALIGN (0x4)
                0x0000000008002df0                PROVIDE (__init_array_start = .)
 *(SORT_BY_NAME(.init_array.*))
 *(.init_array*)
 .init_array    0x0000000008002df0        0x4 c:/st/stm32cubeide_1.6.0/stm32cubeide/plugins/com.st.stm32cube.ide.mcu.externaltools.gnu-tools-for-stm32.9-2020-q2-update.win32_1.5.0.202011040924/tools/bin/../lib/gcc/arm-none-eabi/9.3.1/thumb/v7e-m+fp/hard/crtbegin.o
                0x0000000008002df4                PROVIDE (__init_array_end = .)
                0x0000000008002df4                . = ALIGN (0x4)

.fini_array     0x0000000008002df4        0x4
                0x0000000008002df4                . = ALIGN (0x4)
                [!provide]                        PROVIDE (__fini_array_start = .)
 *(SORT_BY_NAME(.fini_array.*))
 *(.fini_array*)
 .fini_array    0x0000000008002df4        0x4 c:/st/stm32cubeide_1.6.0/stm32cubeide/plugins/com.st.stm32cube.ide.mcu.externaltools.gnu-tools-for-stm32.9-2020-q2-update.win32_1.5.0.202011040924/tools/bin/../lib/gcc/arm-none-eabi/9.3.1/thumb/v7e-m+fp/hard/crtbegin.o
                [!provide]                        PROVIDE (__fini_array_end = .)
                0x0000000008002df8                . = ALIGN (0x4)
                0x0000000008002df8                _sidata = LOADADDR (.data)

.data           0x0000000020000000        0xc load address 0x0000000008002df8
                0x0000000020000000                . = ALIGN (0x4)
                0x0000000020000000                _sdata = .
 *(.data)
 *(.data*)
 .data.SystemCoreClock
                0x0000000020000000        0x4 Core/Src/system_stm32f7xx.o
                0x0000000020000000                SystemCoreClock
 .data.uwTickPrio
                0x0000000020000004        0x4 Drivers/STM32F7xx_HAL_Driver/Src/stm32f7xx_hal.o
                0x0000000020000004                uwTickPrio
 .data.uwTickFreq
                0x0000000020000008        0x1 Drivers/STM32F7xx_HAL_Driver/Src/stm32f7xx_hal.o
                0x0000000020000008                uwTickFreq
 *(.RamFunc)
 *(.RamFunc*)
                0x000000002000000c                . = ALIGN (0x4)
 *fill*         0x0000000020000009        0x3 
                0x000000002000000c                _edata = .

.igot.plt       0x000000002000000c        0x0 load address 0x0000000008002e04
 .igot.plt      0x000000002000000c        0x0 c:/st/stm32cubeide_1.6.0/stm32cubeide/plugins/com.st.stm32cube.ide.mcu.externaltools.gnu-tools-for-stm32.9-2020-q2-update.win32_1.5.0.202011040924/tools/bin/../lib/gcc/arm-none-eabi/9.3.1/thumb/v7e-m+fp/hard/crtbegin.o
                0x000000002000000c                . = ALIGN (0x4)

.bss            0x000000002000000c    0x10070 load address 0x0000000008002e04
                0x000000002000000c                _sbss = .
                0x000000002000000c                __bss_start__ = _sbss
 *(.bss)
 .bss           0x000000002000000c       0x1c c:/st/stm32cubeide_1.6.0/stm32cubeide/plugins/com.st.stm32cube.ide.mcu.externaltools.gnu-tools-for-stm32.9-2020-q2-update.win32_1.5.0.202011040924/tools/bin/../lib/gcc/arm-none-eabi/9.3.1/thumb/v7e-m+fp/hard/crtbegin.o
 *(.bss*)
 *(COMMON)
 COMMON         0x0000000020000028    0x10004 Core/Src/main.o
                0x0000000020000028                buffer_test
                0x0000000020010028                JumpToApplication
 COMMON         0x000000002001002c       0x4c Core/Src/quadspi.o
                0x000000002001002c                hqspi
 COMMON         0x0000000020010078        0x4 Drivers/STM32F7xx_HAL_Driver/Src/stm32f7xx_hal.o
                0x0000000020010078                uwTick
                0x000000002001007c                . = ALIGN (0x4)
                0x000000002001007c                _ebss = .
                0x000000002001007c                __bss_end__ = _ebss

._user_heap_stack
                0x000000002001007c      0x604 load address 0x0000000008002e04
                0x0000000020010080                . = ALIGN (0x8)
 *fill*         0x000000002001007c        0x4 
                [!provide]                        PROVIDE (end = .)
                0x0000000020010080                PROVIDE (_end = .)
                0x0000000020010280                . = (. + _Min_Heap_Size)
 *fill*         0x0000000020010080      0x200 
                0x0000000020010680                . = (. + _Min_Stack_Size)
 *fill*         0x0000000020010280      0x400 
                0x0000000020010680                . = ALIGN (0x8)

/DISCARD/
 libc.a(*)
 libm.a(*)
 libgcc.a(*)

.ARM.attributes
                0x0000000000000000       0x30
 *(.ARM.attributes)
 .ARM.attributes
                0x0000000000000000       0x1e c:/st/stm32cubeide_1.6.0/stm32cubeide/plugins/com.st.stm32cube.ide.mcu.externaltools.gnu-tools-for-stm32.9-2020-q2-update.win32_1.5.0.202011040924/tools/bin/../lib/gcc/arm-none-eabi/9.3.1/thumb/v7e-m+fp/hard/crti.o
 .ARM.attributes
                0x000000000000001e       0x34 c:/st/stm32cubeide_1.6.0/stm32cubeide/plugins/com.st.stm32cube.ide.mcu.externaltools.gnu-tools-for-stm32.9-2020-q2-update.win32_1.5.0.202011040924/tools/bin/../lib/gcc/arm-none-eabi/9.3.1/thumb/v7e-m+fp/hard/crtbegin.o
 .ARM.attributes
                0x0000000000000052       0x34 Core/Src/gpio.o
 .ARM.attributes
                0x0000000000000086       0x34 Core/Src/main.o
 .ARM.attributes
                0x00000000000000ba       0x34 Core/Src/quadspi.o
 .ARM.attributes
                0x00000000000000ee       0x34 Core/Src/stm32f7xx_hal_msp.o
 .ARM.attributes
                0x0000000000000122       0x34 Core/Src/stm32f7xx_it.o
 .ARM.attributes
                0x0000000000000156       0x34 Core/Src/system_stm32f7xx.o
 .ARM.attributes
                0x000000000000018a       0x21 Core/Startup/startup_stm32f750n8hx.o
 .ARM.attributes
                0x00000000000001ab       0x34 Drivers/STM32F7xx_HAL_Driver/Src/stm32f7xx_hal.o
 .ARM.attributes
                0x00000000000001df       0x34 Drivers/STM32F7xx_HAL_Driver/Src/stm32f7xx_hal_cortex.o
 .ARM.attributes
                0x0000000000000213       0x34 Drivers/STM32F7xx_HAL_Driver/Src/stm32f7xx_hal_dma.o
 .ARM.attributes
                0x0000000000000247       0x34 Drivers/STM32F7xx_HAL_Driver/Src/stm32f7xx_hal_gpio.o
 .ARM.attributes
                0x000000000000027b       0x34 Drivers/STM32F7xx_HAL_Driver/Src/stm32f7xx_hal_pwr.o
 .ARM.attributes
                0x00000000000002af       0x34 Drivers/STM32F7xx_HAL_Driver/Src/stm32f7xx_hal_pwr_ex.o
 .ARM.attributes
                0x00000000000002e3       0x34 Drivers/STM32F7xx_HAL_Driver/Src/stm32f7xx_hal_qspi.o
 .ARM.attributes
                0x0000000000000317       0x34 Drivers/STM32F7xx_HAL_Driver/Src/stm32f7xx_hal_rcc.o
 .ARM.attributes
                0x000000000000034b       0x34 c:/st/stm32cubeide_1.6.0/stm32cubeide/plugins/com.st.stm32cube.ide.mcu.externaltools.gnu-tools-for-stm32.9-2020-q2-update.win32_1.5.0.202011040924/tools/bin/../lib/gcc/arm-none-eabi/9.3.1/../../../../arm-none-eabi/lib/thumb/v7e-m+fp/hard\libc_nano.a(lib_a-init.o)
 .ARM.attributes
                0x000000000000037f       0x34 c:/st/stm32cubeide_1.6.0/stm32cubeide/plugins/com.st.stm32cube.ide.mcu.externaltools.gnu-tools-for-stm32.9-2020-q2-update.win32_1.5.0.202011040924/tools/bin/../lib/gcc/arm-none-eabi/9.3.1/../../../../arm-none-eabi/lib/thumb/v7e-m+fp/hard\libc_nano.a(lib_a-memset.o)
 .ARM.attributes
                0x00000000000003b3       0x1e c:/st/stm32cubeide_1.6.0/stm32cubeide/plugins/com.st.stm32cube.ide.mcu.externaltools.gnu-tools-for-stm32.9-2020-q2-update.win32_1.5.0.202011040924/tools/bin/../lib/gcc/arm-none-eabi/9.3.1/thumb/v7e-m+fp/hard\libgcc.a(_aeabi_uldivmod.o)
 .ARM.attributes
                0x00000000000003d1       0x34 c:/st/stm32cubeide_1.6.0/stm32cubeide/plugins/com.st.stm32cube.ide.mcu.externaltools.gnu-tools-for-stm32.9-2020-q2-update.win32_1.5.0.202011040924/tools/bin/../lib/gcc/arm-none-eabi/9.3.1/thumb/v7e-m+fp/hard\libgcc.a(_udivmoddi4.o)
 .ARM.attributes
                0x0000000000000405       0x1e c:/st/stm32cubeide_1.6.0/stm32cubeide/plugins/com.st.stm32cube.ide.mcu.externaltools.gnu-tools-for-stm32.9-2020-q2-update.win32_1.5.0.202011040924/tools/bin/../lib/gcc/arm-none-eabi/9.3.1/thumb/v7e-m+fp/hard\libgcc.a(_dvmd_tls.o)
 .ARM.attributes
                0x0000000000000423       0x1e c:/st/stm32cubeide_1.6.0/stm32cubeide/plugins/com.st.stm32cube.ide.mcu.externaltools.gnu-tools-for-stm32.9-2020-q2-update.win32_1.5.0.202011040924/tools/bin/../lib/gcc/arm-none-eabi/9.3.1/thumb/v7e-m+fp/hard/crtn.o
OUTPUT(NEON_BOOT.elf elf32-littlearm)
LOAD linker stubs
LOAD c:/st/stm32cubeide_1.6.0/stm32cubeide/plugins/com.st.stm32cube.ide.mcu.externaltools.gnu-tools-for-stm32.9-2020-q2-update.win32_1.5.0.202011040924/tools/bin/../lib/gcc/arm-none-eabi/9.3.1/../../../../arm-none-eabi/lib/thumb/v7e-m+fp/hard\libc.a
LOAD c:/st/stm32cubeide_1.6.0/stm32cubeide/plugins/com.st.stm32cube.ide.mcu.externaltools.gnu-tools-for-stm32.9-2020-q2-update.win32_1.5.0.202011040924/tools/bin/../lib/gcc/arm-none-eabi/9.3.1/../../../../arm-none-eabi/lib/thumb/v7e-m+fp/hard\libm.a
LOAD c:/st/stm32cubeide_1.6.0/stm32cubeide/plugins/com.st.stm32cube.ide.mcu.externaltools.gnu-tools-for-stm32.9-2020-q2-update.win32_1.5.0.202011040924/tools/bin/../lib/gcc/arm-none-eabi/9.3.1/thumb/v7e-m+fp/hard\libgcc.a

.debug_info     0x0000000000000000     0x9b2e
 .debug_info    0x0000000000000000      0x593 Core/Src/gpio.o
 .debug_info    0x0000000000000593     0x19ef Core/Src/main.o
 .debug_info    0x0000000000001f82      0xe57 Core/Src/quadspi.o
 .debug_info    0x0000000000002dd9      0x3be Core/Src/stm32f7xx_hal_msp.o
 .debug_info    0x0000000000003197      0x222 Core/Src/stm32f7xx_it.o
 .debug_info    0x00000000000033b9      0x7ad Core/Src/system_stm32f7xx.o
 .debug_info    0x0000000000003b66       0x22 Core/Startup/startup_stm32f750n8hx.o
 .debug_info    0x0000000000003b88      0xac0 Drivers/STM32F7xx_HAL_Driver/Src/stm32f7xx_hal.o
 .debug_info    0x0000000000004648     0x111c Drivers/STM32F7xx_HAL_Driver/Src/stm32f7xx_hal_cortex.o
 .debug_info    0x0000000000005764      0x9f1 Drivers/STM32F7xx_HAL_Driver/Src/stm32f7xx_hal_dma.o
 .debug_info    0x0000000000006155      0x868 Drivers/STM32F7xx_HAL_Driver/Src/stm32f7xx_hal_gpio.o
 .debug_info    0x00000000000069bd      0xa4c Drivers/STM32F7xx_HAL_Driver/Src/stm32f7xx_hal_pwr.o
 .debug_info    0x0000000000007409      0x9f6 Drivers/STM32F7xx_HAL_Driver/Src/stm32f7xx_hal_pwr_ex.o
 .debug_info    0x0000000000007dff     0x1363 Drivers/STM32F7xx_HAL_Driver/Src/stm32f7xx_hal_qspi.o
 .debug_info    0x0000000000009162      0x9cc Drivers/STM32F7xx_HAL_Driver/Src/stm32f7xx_hal_rcc.o

.debug_abbrev   0x0000000000000000     0x1beb
 .debug_abbrev  0x0000000000000000      0x14e Core/Src/gpio.o
 .debug_abbrev  0x000000000000014e      0x30c Core/Src/main.o
 .debug_abbrev  0x000000000000045a      0x26d Core/Src/quadspi.o
 .debug_abbrev  0x00000000000006c7      0x11d Core/Src/stm32f7xx_hal_msp.o
 .debug_abbrev  0x00000000000007e4       0xd2 Core/Src/stm32f7xx_it.o
 .debug_abbrev  0x00000000000008b6      0x165 Core/Src/system_stm32f7xx.o
 .debug_abbrev  0x0000000000000a1b       0x12 Core/Startup/startup_stm32f750n8hx.o
 .debug_abbrev  0x0000000000000a2d      0x1ed Drivers/STM32F7xx_HAL_Driver/Src/stm32f7xx_hal.o
 .debug_abbrev  0x0000000000000c1a      0x33c Drivers/STM32F7xx_HAL_Driver/Src/stm32f7xx_hal_cortex.o
 .debug_abbrev  0x0000000000000f56      0x259 Drivers/STM32F7xx_HAL_Driver/Src/stm32f7xx_hal_dma.o
 .debug_abbrev  0x00000000000011af      0x1f1 Drivers/STM32F7xx_HAL_Driver/Src/stm32f7xx_hal_gpio.o
 .debug_abbrev  0x00000000000013a0      0x1de Drivers/STM32F7xx_HAL_Driver/Src/stm32f7xx_hal_pwr.o
 .debug_abbrev  0x000000000000157e      0x1dc Drivers/STM32F7xx_HAL_Driver/Src/stm32f7xx_hal_pwr_ex.o
 .debug_abbrev  0x000000000000175a      0x24b Drivers/STM32F7xx_HAL_Driver/Src/stm32f7xx_hal_qspi.o
 .debug_abbrev  0x00000000000019a5      0x246 Drivers/STM32F7xx_HAL_Driver/Src/stm32f7xx_hal_rcc.o

.debug_aranges  0x0000000000000000      0x7d0
 .debug_aranges
                0x0000000000000000       0x20 Core/Src/gpio.o
 .debug_aranges
                0x0000000000000020       0x58 Core/Src/main.o
 .debug_aranges
                0x0000000000000078       0x78 Core/Src/quadspi.o
 .debug_aranges
                0x00000000000000f0       0x20 Core/Src/stm32f7xx_hal_msp.o
 .debug_aranges
                0x0000000000000110       0x60 Core/Src/stm32f7xx_it.o
 .debug_aranges
                0x0000000000000170       0x28 Core/Src/system_stm32f7xx.o
 .debug_aranges
                0x0000000000000198       0x28 Core/Startup/startup_stm32f750n8hx.o
 .debug_aranges
                0x00000000000001c0      0x100 Drivers/STM32F7xx_HAL_Driver/Src/stm32f7xx_hal.o
 .debug_aranges
                0x00000000000002c0      0x118 Drivers/STM32F7xx_HAL_Driver/Src/stm32f7xx_hal_cortex.o
 .debug_aranges
                0x00000000000003d8       0x90 Drivers/STM32F7xx_HAL_Driver/Src/stm32f7xx_hal_dma.o
 .debug_aranges
                0x0000000000000468       0x58 Drivers/STM32F7xx_HAL_Driver/Src/stm32f7xx_hal_gpio.o
 .debug_aranges
                0x00000000000004c0       0xa0 Drivers/STM32F7xx_HAL_Driver/Src/stm32f7xx_hal_pwr.o
 .debug_aranges
                0x0000000000000560       0x80 Drivers/STM32F7xx_HAL_Driver/Src/stm32f7xx_hal_pwr_ex.o
 .debug_aranges
                0x00000000000005e0      0x168 Drivers/STM32F7xx_HAL_Driver/Src/stm32f7xx_hal_qspi.o
 .debug_aranges
                0x0000000000000748       0x88 Drivers/STM32F7xx_HAL_Driver/Src/stm32f7xx_hal_rcc.o

.debug_ranges   0x0000000000000000      0x6e8
 .debug_ranges  0x0000000000000000       0x10 Core/Src/gpio.o
 .debug_ranges  0x0000000000000010       0x48 Core/Src/main.o
 .debug_ranges  0x0000000000000058       0x68 Core/Src/quadspi.o
 .debug_ranges  0x00000000000000c0       0x10 Core/Src/stm32f7xx_hal_msp.o
 .debug_ranges  0x00000000000000d0       0x50 Core/Src/stm32f7xx_it.o
 .debug_ranges  0x0000000000000120       0x18 Core/Src/system_stm32f7xx.o
 .debug_ranges  0x0000000000000138       0x20 Core/Startup/startup_stm32f750n8hx.o
 .debug_ranges  0x0000000000000158       0xf0 Drivers/STM32F7xx_HAL_Driver/Src/stm32f7xx_hal.o
 .debug_ranges  0x0000000000000248      0x108 Drivers/STM32F7xx_HAL_Driver/Src/stm32f7xx_hal_cortex.o
 .debug_ranges  0x0000000000000350       0x80 Drivers/STM32F7xx_HAL_Driver/Src/stm32f7xx_hal_dma.o
 .debug_ranges  0x00000000000003d0       0x48 Drivers/STM32F7xx_HAL_Driver/Src/stm32f7xx_hal_gpio.o
 .debug_ranges  0x0000000000000418       0x90 Drivers/STM32F7xx_HAL_Driver/Src/stm32f7xx_hal_pwr.o
 .debug_ranges  0x00000000000004a8       0x70 Drivers/STM32F7xx_HAL_Driver/Src/stm32f7xx_hal_pwr_ex.o
 .debug_ranges  0x0000000000000518      0x158 Drivers/STM32F7xx_HAL_Driver/Src/stm32f7xx_hal_qspi.o
 .debug_ranges  0x0000000000000670       0x78 Drivers/STM32F7xx_HAL_Driver/Src/stm32f7xx_hal_rcc.o

.debug_macro    0x0000000000000000    0x251b6
 .debug_macro   0x0000000000000000      0x1d9 Core/Src/gpio.o
 .debug_macro   0x00000000000001d9      0xaa8 Core/Src/gpio.o
 .debug_macro   0x0000000000000c81      0x28d Core/Src/gpio.o
 .debug_macro   0x0000000000000f0e       0x2e Core/Src/gpio.o
 .debug_macro   0x0000000000000f3c       0x3b Core/Src/gpio.o
 .debug_macro   0x0000000000000f77       0x22 Core/Src/gpio.o
 .debug_macro   0x0000000000000f99       0x8e Core/Src/gpio.o
 .debug_macro   0x0000000000001027       0x51 Core/Src/gpio.o
 .debug_macro   0x0000000000001078      0x103 Core/Src/gpio.o
 .debug_macro   0x000000000000117b       0x6a Core/Src/gpio.o
 .debug_macro   0x00000000000011e5      0x1df Core/Src/gpio.o
 .debug_macro   0x00000000000013c4       0x1c Core/Src/gpio.o
 .debug_macro   0x00000000000013e0       0x22 Core/Src/gpio.o
 .debug_macro   0x0000000000001402       0xdf Core/Src/gpio.o
 .debug_macro   0x00000000000014e1     0x12cd Core/Src/gpio.o
 .debug_macro   0x00000000000027ae      0x11f Core/Src/gpio.o
 .debug_macro   0x00000000000028cd       0x19 Core/Src/gpio.o
 .debug_macro   0x00000000000028e6    0x19826 Core/Src/gpio.o
 .debug_macro   0x000000000001c10c       0x43 Core/Src/gpio.o
 .debug_macro   0x000000000001c14f     0x36c9 Core/Src/gpio.o
 .debug_macro   0x000000000001f818      0x174 Core/Src/gpio.o
 .debug_macro   0x000000000001f98c       0x63 Core/Src/gpio.o
 .debug_macro   0x000000000001f9ef     0x1939 Core/Src/gpio.o
 .debug_macro   0x0000000000021328      0x6c4 Core/Src/gpio.o
 .debug_macro   0x00000000000219ec      0x185 Core/Src/gpio.o
 .debug_macro   0x0000000000021b71      0x117 Core/Src/gpio.o
 .debug_macro   0x0000000000021c88      0x1fe Core/Src/gpio.o
 .debug_macro   0x0000000000021e86       0x27 Core/Src/gpio.o
 .debug_macro   0x0000000000021ead      0x24f Core/Src/gpio.o
 .debug_macro   0x00000000000220fc       0x41 Core/Src/gpio.o
 .debug_macro   0x000000000002213d       0x58 Core/Src/gpio.o
 .debug_macro   0x0000000000022195      0x236 Core/Src/gpio.o
 .debug_macro   0x00000000000223cb      0x125 Core/Src/gpio.o
 .debug_macro   0x00000000000224f0      0x231 Core/Src/gpio.o
 .debug_macro   0x0000000000022721       0x12 Core/Src/gpio.o
 .debug_macro   0x0000000000022733      0x22c Core/Src/gpio.o
 .debug_macro   0x000000000002295f       0x61 Core/Src/gpio.o
 .debug_macro   0x00000000000229c0       0xa5 Core/Src/gpio.o
 .debug_macro   0x0000000000022a65      0x12f Core/Src/gpio.o
 .debug_macro   0x0000000000022b94      0x108 Core/Src/gpio.o
 .debug_macro   0x0000000000022c9c       0x35 Core/Src/gpio.o
 .debug_macro   0x0000000000022cd1      0x2d4 Core/Src/gpio.o
 .debug_macro   0x0000000000022fa5      0x14e Core/Src/gpio.o
 .debug_macro   0x00000000000230f3      0x2d8 Core/Src/main.o
 .debug_macro   0x00000000000233cb       0x76 Core/Src/main.o
 .debug_macro   0x0000000000023441       0x52 Core/Src/main.o
 .debug_macro   0x0000000000023493       0x18 Core/Src/main.o
 .debug_macro   0x00000000000234ab       0x3c Core/Src/main.o
 .debug_macro   0x00000000000234e7       0x34 Core/Src/main.o
 .debug_macro   0x000000000002351b       0x16 Core/Src/main.o
 .debug_macro   0x0000000000023531       0x43 Core/Src/main.o
 .debug_macro   0x0000000000023574       0x34 Core/Src/main.o
 .debug_macro   0x00000000000235a8       0x10 Core/Src/main.o
 .debug_macro   0x00000000000235b8       0x58 Core/Src/main.o
 .debug_macro   0x0000000000023610       0x71 Core/Src/main.o
 .debug_macro   0x0000000000023681       0x1c Core/Src/main.o
 .debug_macro   0x000000000002369d      0x12a Core/Src/main.o
 .debug_macro   0x00000000000237c7      0x333 Core/Src/main.o
 .debug_macro   0x0000000000023afa       0x10 Core/Src/main.o
 .debug_macro   0x0000000000023b0a       0x35 Core/Src/main.o
 .debug_macro   0x0000000000023b3f       0x20 Core/Src/main.o
 .debug_macro   0x0000000000023b5f      0x1de Core/Src/quadspi.o
 .debug_macro   0x0000000000023d3d      0x1cf Core/Src/stm32f7xx_hal_msp.o
 .debug_macro   0x0000000000023f0c      0x1d9 Core/Src/stm32f7xx_it.o
 .debug_macro   0x00000000000240e5      0x1cb Core/Src/system_stm32f7xx.o
 .debug_macro   0x00000000000242b0      0x1e9 Drivers/STM32F7xx_HAL_Driver/Src/stm32f7xx_hal.o
 .debug_macro   0x0000000000024499      0x1c5 Drivers/STM32F7xx_HAL_Driver/Src/stm32f7xx_hal_cortex.o
 .debug_macro   0x000000000002465e      0x1cb Drivers/STM32F7xx_HAL_Driver/Src/stm32f7xx_hal_dma.o
 .debug_macro   0x0000000000024829      0x1fb Drivers/STM32F7xx_HAL_Driver/Src/stm32f7xx_hal_gpio.o
 .debug_macro   0x0000000000024a24      0x1e3 Drivers/STM32F7xx_HAL_Driver/Src/stm32f7xx_hal_pwr.o
 .debug_macro   0x0000000000024c07      0x1dd Drivers/STM32F7xx_HAL_Driver/Src/stm32f7xx_hal_pwr_ex.o
 .debug_macro   0x0000000000024de4      0x1e9 Drivers/STM32F7xx_HAL_Driver/Src/stm32f7xx_hal_qspi.o
 .debug_macro   0x0000000000024fcd      0x1e9 Drivers/STM32F7xx_HAL_Driver/Src/stm32f7xx_hal_rcc.o

.debug_line     0x0000000000000000     0x96a9
 .debug_line    0x0000000000000000      0x6c2 Core/Src/gpio.o
 .debug_line    0x00000000000006c2      0xae9 Core/Src/main.o
 .debug_line    0x00000000000011ab      0xb3e Core/Src/quadspi.o
 .debug_line    0x0000000000001ce9      0x6a6 Core/Src/stm32f7xx_hal_msp.o
 .debug_line    0x000000000000238f      0x768 Core/Src/stm32f7xx_it.o
 .debug_line    0x0000000000002af7      0x748 Core/Src/system_stm32f7xx.o
 .debug_line    0x000000000000323f       0x88 Core/Startup/startup_stm32f750n8hx.o
 .debug_line    0x00000000000032c7      0x9b8 Drivers/STM32F7xx_HAL_Driver/Src/stm32f7xx_hal.o
 .debug_line    0x0000000000003c7f      0xc3c Drivers/STM32F7xx_HAL_Driver/Src/stm32f7xx_hal_cortex.o
 .debug_line    0x00000000000048bb      0xf0a Drivers/STM32F7xx_HAL_Driver/Src/stm32f7xx_hal_dma.o
 .debug_line    0x00000000000057c5      0xb38 Drivers/STM32F7xx_HAL_Driver/Src/stm32f7xx_hal_gpio.o
 .debug_line    0x00000000000062fd      0x8ba Drivers/STM32F7xx_HAL_Driver/Src/stm32f7xx_hal_pwr.o
 .debug_line    0x0000000000006bb7      0x92b Drivers/STM32F7xx_HAL_Driver/Src/stm32f7xx_hal_pwr_ex.o
 .debug_line    0x00000000000074e2     0x13d0 Drivers/STM32F7xx_HAL_Driver/Src/stm32f7xx_hal_qspi.o
 .debug_line    0x00000000000088b2      0xdf7 Drivers/STM32F7xx_HAL_Driver/Src/stm32f7xx_hal_rcc.o

.debug_str      0x0000000000000000    0xe433c
 .debug_str     0x0000000000000000    0xde4a5 Core/Src/gpio.o
                                      0xdeb84 (size before relaxing)
 .debug_str     0x00000000000de4a5     0x3b83 Core/Src/main.o
                                      0xe2702 (size before relaxing)
 .debug_str     0x00000000000e2028      0x2e0 Core/Src/quadspi.o
                                      0xdf483 (size before relaxing)
 .debug_str     0x00000000000e2308       0x2c Core/Src/stm32f7xx_hal_msp.o
                                      0xdeae7 (size before relaxing)
 .debug_str     0x00000000000e2334       0xbd Core/Src/stm32f7xx_it.o
                                      0xdea58 (size before relaxing)
 .debug_str     0x00000000000e23f1       0x70 Core/Src/system_stm32f7xx.o
                                      0xdec37 (size before relaxing)
 .debug_str     0x00000000000e2461       0x36 Core/Startup/startup_stm32f750n8hx.o
                                         0x5f (size before relaxing)
 .debug_str     0x00000000000e2497      0x934 Drivers/STM32F7xx_HAL_Driver/Src/stm32f7xx_hal.o
                                      0xdf520 (size before relaxing)
 .debug_str     0x00000000000e2dcb      0x383 Drivers/STM32F7xx_HAL_Driver/Src/stm32f7xx_hal_cortex.o
                                      0xdf59f (size before relaxing)
 .debug_str     0x00000000000e314e      0x328 Drivers/STM32F7xx_HAL_Driver/Src/stm32f7xx_hal_dma.o
                                      0xdef71 (size before relaxing)
 .debug_str     0x00000000000e3476      0x244 Drivers/STM32F7xx_HAL_Driver/Src/stm32f7xx_hal_gpio.o
                                      0xdee0d (size before relaxing)
 .debug_str     0x00000000000e36ba      0x2c5 Drivers/STM32F7xx_HAL_Driver/Src/stm32f7xx_hal_pwr.o
                                      0xdeeef (size before relaxing)
 .debug_str     0x00000000000e397f      0x1bd Drivers/STM32F7xx_HAL_Driver/Src/stm32f7xx_hal_pwr_ex.o
                                      0xdeeb1 (size before relaxing)
 .debug_str     0x00000000000e3b3c      0x5b6 Drivers/STM32F7xx_HAL_Driver/Src/stm32f7xx_hal_qspi.o
                                      0xdf55e (size before relaxing)
 .debug_str     0x00000000000e40f2      0x24a Drivers/STM32F7xx_HAL_Driver/Src/stm32f7xx_hal_rcc.o
                                      0xdef52 (size before relaxing)

.comment        0x0000000000000000       0x53
 .comment       0x0000000000000000       0x53 Core/Src/gpio.o
                                         0x54 (size before relaxing)
 .comment       0x0000000000000053       0x54 Core/Src/main.o
 .comment       0x0000000000000053       0x54 Core/Src/quadspi.o
 .comment       0x0000000000000053       0x54 Core/Src/stm32f7xx_hal_msp.o
 .comment       0x0000000000000053       0x54 Core/Src/stm32f7xx_it.o
 .comment       0x0000000000000053       0x54 Core/Src/system_stm32f7xx.o
 .comment       0x0000000000000053       0x54 Drivers/STM32F7xx_HAL_Driver/Src/stm32f7xx_hal.o
 .comment       0x0000000000000053       0x54 Drivers/STM32F7xx_HAL_Driver/Src/stm32f7xx_hal_cortex.o
 .comment       0x0000000000000053       0x54 Drivers/STM32F7xx_HAL_Driver/Src/stm32f7xx_hal_dma.o
 .comment       0x0000000000000053       0x54 Drivers/STM32F7xx_HAL_Driver/Src/stm32f7xx_hal_gpio.o
 .comment       0x0000000000000053       0x54 Drivers/STM32F7xx_HAL_Driver/Src/stm32f7xx_hal_pwr.o
 .comment       0x0000000000000053       0x54 Drivers/STM32F7xx_HAL_Driver/Src/stm32f7xx_hal_pwr_ex.o
 .comment       0x0000000000000053       0x54 Drivers/STM32F7xx_HAL_Driver/Src/stm32f7xx_hal_qspi.o
 .comment       0x0000000000000053       0x54 Drivers/STM32F7xx_HAL_Driver/Src/stm32f7xx_hal_rcc.o

.debug_frame    0x0000000000000000     0x1db4
 .debug_frame   0x0000000000000000       0x34 Core/Src/gpio.o
 .debug_frame   0x0000000000000034      0x11c Core/Src/main.o
 .debug_frame   0x0000000000000150      0x1b0 Core/Src/quadspi.o
 .debug_frame   0x0000000000000300       0x38 Core/Src/stm32f7xx_hal_msp.o
 .debug_frame   0x0000000000000338      0x104 Core/Src/stm32f7xx_it.o
 .debug_frame   0x000000000000043c       0x58 Core/Src/system_stm32f7xx.o
 .debug_frame   0x0000000000000494      0x3b4 Drivers/STM32F7xx_HAL_Driver/Src/stm32f7xx_hal.o
 .debug_frame   0x0000000000000848      0x498 Drivers/STM32F7xx_HAL_Driver/Src/stm32f7xx_hal_cortex.o
 .debug_frame   0x0000000000000ce0      0x250 Drivers/STM32F7xx_HAL_Driver/Src/stm32f7xx_hal_dma.o
 .debug_frame   0x0000000000000f30      0x14c Drivers/STM32F7xx_HAL_Driver/Src/stm32f7xx_hal_gpio.o
 .debug_frame   0x000000000000107c      0x254 Drivers/STM32F7xx_HAL_Driver/Src/stm32f7xx_hal_pwr.o
 .debug_frame   0x00000000000012d0      0x1c8 Drivers/STM32F7xx_HAL_Driver/Src/stm32f7xx_hal_pwr_ex.o
 .debug_frame   0x0000000000001498      0x680 Drivers/STM32F7xx_HAL_Driver/Src/stm32f7xx_hal_qspi.o
 .debug_frame   0x0000000000001b18      0x1f0 Drivers/STM32F7xx_HAL_Driver/Src/stm32f7xx_hal_rcc.o
 .debug_frame   0x0000000000001d08       0x2c c:/st/stm32cubeide_1.6.0/stm32cubeide/plugins/com.st.stm32cube.ide.mcu.externaltools.gnu-tools-for-stm32.9-2020-q2-update.win32_1.5.0.202011040924/tools/bin/../lib/gcc/arm-none-eabi/9.3.1/../../../../arm-none-eabi/lib/thumb/v7e-m+fp/hard\libc_nano.a(lib_a-init.o)
 .debug_frame   0x0000000000001d34       0x20 c:/st/stm32cubeide_1.6.0/stm32cubeide/plugins/com.st.stm32cube.ide.mcu.externaltools.gnu-tools-for-stm32.9-2020-q2-update.win32_1.5.0.202011040924/tools/bin/../lib/gcc/arm-none-eabi/9.3.1/../../../../arm-none-eabi/lib/thumb/v7e-m+fp/hard\libc_nano.a(lib_a-memset.o)
 .debug_frame   0x0000000000001d54       0x2c c:/st/stm32cubeide_1.6.0/stm32cubeide/plugins/com.st.stm32cube.ide.mcu.externaltools.gnu-tools-for-stm32.9-2020-q2-update.win32_1.5.0.202011040924/tools/bin/../lib/gcc/arm-none-eabi/9.3.1/thumb/v7e-m+fp/hard\libgcc.a(_aeabi_uldivmod.o)
 .debug_frame   0x0000000000001d80       0x34 c:/st/stm32cubeide_1.6.0/stm32cubeide/plugins/com.st.stm32cube.ide.mcu.externaltools.gnu-tools-for-stm32.9-2020-q2-update.win32_1.5.0.202011040924/tools/bin/../lib/gcc/arm-none-eabi/9.3.1/thumb/v7e-m+fp/hard\libgcc.a(_udivmoddi4.o)
