Archive member included to satisfy reference by file (symbol)

c:/st/stm32cubeide_1.6.0/stm32cubeide/plugins/com.st.stm32cube.ide.mcu.externaltools.gnu-tools-for-stm32.9-2020-q2-update.win32_1.5.0.202011040924/tools/bin/../lib/gcc/arm-none-eabi/9.3.1/../../../../arm-none-eabi/lib/thumb/v7e-m+fp/hard\libc_nano.a(lib_a-errno.o)
                              Core/Src/syscalls.o (__errno)
c:/st/stm32cubeide_1.6.0/stm32cubeide/plugins/com.st.stm32cube.ide.mcu.externaltools.gnu-tools-for-stm32.9-2020-q2-update.win32_1.5.0.202011040924/tools/bin/../lib/gcc/arm-none-eabi/9.3.1/../../../../arm-none-eabi/lib/thumb/v7e-m+fp/hard\libc_nano.a(lib_a-exit.o)
                              c:/st/stm32cubeide_1.6.0/stm32cubeide/plugins/com.st.stm32cube.ide.mcu.externaltools.gnu-tools-for-stm32.9-2020-q2-update.win32_1.5.0.202011040924/tools/bin/../lib/gcc/arm-none-eabi/9.3.1/../../../../arm-none-eabi/lib/thumb/v7e-m+fp/hard/crt0.o (exit)
c:/st/stm32cubeide_1.6.0/stm32cubeide/plugins/com.st.stm32cube.ide.mcu.externaltools.gnu-tools-for-stm32.9-2020-q2-update.win32_1.5.0.202011040924/tools/bin/../lib/gcc/arm-none-eabi/9.3.1/../../../../arm-none-eabi/lib/thumb/v7e-m+fp/hard\libc_nano.a(lib_a-impure.o)
                              c:/st/stm32cubeide_1.6.0/stm32cubeide/plugins/com.st.stm32cube.ide.mcu.externaltools.gnu-tools-for-stm32.9-2020-q2-update.win32_1.5.0.202011040924/tools/bin/../lib/gcc/arm-none-eabi/9.3.1/../../../../arm-none-eabi/lib/thumb/v7e-m+fp/hard\libc_nano.a(lib_a-exit.o) (_global_impure_ptr)
c:/st/stm32cubeide_1.6.0/stm32cubeide/plugins/com.st.stm32cube.ide.mcu.externaltools.gnu-tools-for-stm32.9-2020-q2-update.win32_1.5.0.202011040924/tools/bin/../lib/gcc/arm-none-eabi/9.3.1/../../../../arm-none-eabi/lib/thumb/v7e-m+fp/hard\libc_nano.a(lib_a-init.o)
                              c:/st/stm32cubeide_1.6.0/stm32cubeide/plugins/com.st.stm32cube.ide.mcu.externaltools.gnu-tools-for-stm32.9-2020-q2-update.win32_1.5.0.202011040924/tools/bin/../lib/gcc/arm-none-eabi/9.3.1/../../../../arm-none-eabi/lib/thumb/v7e-m+fp/hard/crt0.o (__libc_init_array)
c:/st/stm32cubeide_1.6.0/stm32cubeide/plugins/com.st.stm32cube.ide.mcu.externaltools.gnu-tools-for-stm32.9-2020-q2-update.win32_1.5.0.202011040924/tools/bin/../lib/gcc/arm-none-eabi/9.3.1/../../../../arm-none-eabi/lib/thumb/v7e-m+fp/hard\libc_nano.a(lib_a-memset.o)
                              c:/st/stm32cubeide_1.6.0/stm32cubeide/plugins/com.st.stm32cube.ide.mcu.externaltools.gnu-tools-for-stm32.9-2020-q2-update.win32_1.5.0.202011040924/tools/bin/../lib/gcc/arm-none-eabi/9.3.1/../../../../arm-none-eabi/lib/thumb/v7e-m+fp/hard/crt0.o (memset)
c:/st/stm32cubeide_1.6.0/stm32cubeide/plugins/com.st.stm32cube.ide.mcu.externaltools.gnu-tools-for-stm32.9-2020-q2-update.win32_1.5.0.202011040924/tools/bin/../lib/gcc/arm-none-eabi/9.3.1/thumb/v7e-m+fp/hard\libgcc.a(_aeabi_uldivmod.o)
                              Drivers/STM32F7xx_HAL_Driver/Src/stm32f7xx_hal_rcc.o (__aeabi_uldivmod)
c:/st/stm32cubeide_1.6.0/stm32cubeide/plugins/com.st.stm32cube.ide.mcu.externaltools.gnu-tools-for-stm32.9-2020-q2-update.win32_1.5.0.202011040924/tools/bin/../lib/gcc/arm-none-eabi/9.3.1/thumb/v7e-m+fp/hard\libgcc.a(_udivmoddi4.o)
                              c:/st/stm32cubeide_1.6.0/stm32cubeide/plugins/com.st.stm32cube.ide.mcu.externaltools.gnu-tools-for-stm32.9-2020-q2-update.win32_1.5.0.202011040924/tools/bin/../lib/gcc/arm-none-eabi/9.3.1/thumb/v7e-m+fp/hard\libgcc.a(_aeabi_uldivmod.o) (__udivmoddi4)
c:/st/stm32cubeide_1.6.0/stm32cubeide/plugins/com.st.stm32cube.ide.mcu.externaltools.gnu-tools-for-stm32.9-2020-q2-update.win32_1.5.0.202011040924/tools/bin/../lib/gcc/arm-none-eabi/9.3.1/thumb/v7e-m+fp/hard\libgcc.a(_dvmd_tls.o)
                              c:/st/stm32cubeide_1.6.0/stm32cubeide/plugins/com.st.stm32cube.ide.mcu.externaltools.gnu-tools-for-stm32.9-2020-q2-update.win32_1.5.0.202011040924/tools/bin/../lib/gcc/arm-none-eabi/9.3.1/thumb/v7e-m+fp/hard\libgcc.a(_aeabi_uldivmod.o) (__aeabi_ldiv0)

Allocating common symbols
Common symbol       size              file

uwTick              0x4               Drivers/STM32F7xx_HAL_Driver/Src/stm32f7xx_hal.o
pFlash              0x1c              Drivers/STM32F7xx_HAL_Driver/Src/stm32f7xx_hal_flash.o

Discarded input sections

 .text          0x0000000000000000        0x0 c:/st/stm32cubeide_1.6.0/stm32cubeide/plugins/com.st.stm32cube.ide.mcu.externaltools.gnu-tools-for-stm32.9-2020-q2-update.win32_1.5.0.202011040924/tools/bin/../lib/gcc/arm-none-eabi/9.3.1/thumb/v7e-m+fp/hard/crti.o
 .data          0x0000000000000000        0x0 c:/st/stm32cubeide_1.6.0/stm32cubeide/plugins/com.st.stm32cube.ide.mcu.externaltools.gnu-tools-for-stm32.9-2020-q2-update.win32_1.5.0.202011040924/tools/bin/../lib/gcc/arm-none-eabi/9.3.1/thumb/v7e-m+fp/hard/crti.o
[...]
Memory Configuration

Name             Origin             Length             Attributes
FLASH            0x0000000090000000 0x0000000001000000 xr
RAM              0x0000000020000000 0x0000000000050000 xrw
*default*        0x0000000000000000 0xffffffffffffffff

Linker script and memory map

LOAD c:/st/stm32cubeide_1.6.0/stm32cubeide/plugins/com.st.stm32cube.ide.mcu.externaltools.gnu-tools-for-stm32.9-2020-q2-update.win32_1.5.0.202011040924/tools/bin/../lib/gcc/arm-none-eabi/9.3.1/thumb/v7e-m+fp/hard/crti.o
LOAD c:/st/stm32cubeide_1.6.0/stm32cubeide/plugins/com.st.stm32cube.ide.mcu.externaltools.gnu-tools-for-stm32.9-2020-q2-update.win32_1.5.0.202011040924/tools/bin/../lib/gcc/arm-none-eabi/9.3.1/thumb/v7e-m+fp/hard/crtbegin.o
LOAD c:/st/stm32cubeide_1.6.0/stm32cubeide/plugins/com.st.stm32cube.ide.mcu.externaltools.gnu-tools-for-stm32.9-2020-q2-update.win32_1.5.0.202011040924/tools/bin/../lib/gcc/arm-none-eabi/9.3.1/../../../../arm-none-eabi/lib/thumb/v7e-m+fp/hard/crt0.o
LOAD Core/Src/gpio.o
LOAD Core/Src/main.o
LOAD Core/Src/stm32f7xx_hal_msp.o
LOAD Core/Src/stm32f7xx_it.o
LOAD Core/Src/syscalls.o
LOAD Core/Src/sysmem.o
LOAD Core/Src/system_stm32f7xx.o
LOAD Core/Startup/startup_stm32f750n8hx.o
LOAD Drivers/STM32F7xx_HAL_Driver/Src/stm32f7xx_hal.o
LOAD Drivers/STM32F7xx_HAL_Driver/Src/stm32f7xx_hal_cortex.o
LOAD Drivers/STM32F7xx_HAL_Driver/Src/stm32f7xx_hal_dma.o
LOAD Drivers/STM32F7xx_HAL_Driver/Src/stm32f7xx_hal_dma_ex.o
LOAD Drivers/STM32F7xx_HAL_Driver/Src/stm32f7xx_hal_exti.o
LOAD Drivers/STM32F7xx_HAL_Driver/Src/stm32f7xx_hal_flash.o
LOAD Drivers/STM32F7xx_HAL_Driver/Src/stm32f7xx_hal_flash_ex.o
LOAD Drivers/STM32F7xx_HAL_Driver/Src/stm32f7xx_hal_gpio.o
LOAD Drivers/STM32F7xx_HAL_Driver/Src/stm32f7xx_hal_i2c.o
LOAD Drivers/STM32F7xx_HAL_Driver/Src/stm32f7xx_hal_i2c_ex.o
LOAD Drivers/STM32F7xx_HAL_Driver/Src/stm32f7xx_hal_pwr.o
LOAD Drivers/STM32F7xx_HAL_Driver/Src/stm32f7xx_hal_pwr_ex.o
LOAD Drivers/STM32F7xx_HAL_Driver/Src/stm32f7xx_hal_rcc.o
LOAD Drivers/STM32F7xx_HAL_Driver/Src/stm32f7xx_hal_rcc_ex.o
LOAD Drivers/STM32F7xx_HAL_Driver/Src/stm32f7xx_hal_tim.o
LOAD Drivers/STM32F7xx_HAL_Driver/Src/stm32f7xx_hal_tim_ex.o
START GROUP
LOAD c:/st/stm32cubeide_1.6.0/stm32cubeide/plugins/com.st.stm32cube.ide.mcu.externaltools.gnu-tools-for-stm32.9-2020-q2-update.win32_1.5.0.202011040924/tools/bin/../lib/gcc/arm-none-eabi/9.3.1/../../../../arm-none-eabi/lib/thumb/v7e-m+fp/hard\libc_nano.a
LOAD c:/st/stm32cubeide_1.6.0/stm32cubeide/plugins/com.st.stm32cube.ide.mcu.externaltools.gnu-tools-for-stm32.9-2020-q2-update.win32_1.5.0.202011040924/tools/bin/../lib/gcc/arm-none-eabi/9.3.1/../../../../arm-none-eabi/lib/thumb/v7e-m+fp/hard\libm.a
END GROUP
START GROUP
LOAD c:/st/stm32cubeide_1.6.0/stm32cubeide/plugins/com.st.stm32cube.ide.mcu.externaltools.gnu-tools-for-stm32.9-2020-q2-update.win32_1.5.0.202011040924/tools/bin/../lib/gcc/arm-none-eabi/9.3.1/thumb/v7e-m+fp/hard\libgcc.a
LOAD c:/st/stm32cubeide_1.6.0/stm32cubeide/plugins/com.st.stm32cube.ide.mcu.externaltools.gnu-tools-for-stm32.9-2020-q2-update.win32_1.5.0.202011040924/tools/bin/../lib/gcc/arm-none-eabi/9.3.1/../../../../arm-none-eabi/lib/thumb/v7e-m+fp/hard\libc_nano.a
END GROUP
START GROUP
LOAD c:/st/stm32cubeide_1.6.0/stm32cubeide/plugins/com.st.stm32cube.ide.mcu.externaltools.gnu-tools-for-stm32.9-2020-q2-update.win32_1.5.0.202011040924/tools/bin/../lib/gcc/arm-none-eabi/9.3.1/thumb/v7e-m+fp/hard\libgcc.a
LOAD c:/st/stm32cubeide_1.6.0/stm32cubeide/plugins/com.st.stm32cube.ide.mcu.externaltools.gnu-tools-for-stm32.9-2020-q2-update.win32_1.5.0.202011040924/tools/bin/../lib/gcc/arm-none-eabi/9.3.1/../../../../arm-none-eabi/lib/thumb/v7e-m+fp/hard\libc_nano.a
LOAD c:/st/stm32cubeide_1.6.0/stm32cubeide/plugins/com.st.stm32cube.ide.mcu.externaltools.gnu-tools-for-stm32.9-2020-q2-update.win32_1.5.0.202011040924/tools/bin/../lib/gcc/arm-none-eabi/9.3.1/../../../../arm-none-eabi/lib/thumb/v7e-m+fp/hard\libnosys.a
END GROUP
START GROUP
LOAD c:/st/stm32cubeide_1.6.0/stm32cubeide/plugins/com.st.stm32cube.ide.mcu.externaltools.gnu-tools-for-stm32.9-2020-q2-update.win32_1.5.0.202011040924/tools/bin/../lib/gcc/arm-none-eabi/9.3.1/thumb/v7e-m+fp/hard\libgcc.a
LOAD c:/st/stm32cubeide_1.6.0/stm32cubeide/plugins/com.st.stm32cube.ide.mcu.externaltools.gnu-tools-for-stm32.9-2020-q2-update.win32_1.5.0.202011040924/tools/bin/../lib/gcc/arm-none-eabi/9.3.1/../../../../arm-none-eabi/lib/thumb/v7e-m+fp/hard\libc_nano.a
LOAD c:/st/stm32cubeide_1.6.0/stm32cubeide/plugins/com.st.stm32cube.ide.mcu.externaltools.gnu-tools-for-stm32.9-2020-q2-update.win32_1.5.0.202011040924/tools/bin/../lib/gcc/arm-none-eabi/9.3.1/../../../../arm-none-eabi/lib/thumb/v7e-m+fp/hard\libnosys.a
END GROUP
LOAD c:/st/stm32cubeide_1.6.0/stm32cubeide/plugins/com.st.stm32cube.ide.mcu.externaltools.gnu-tools-for-stm32.9-2020-q2-update.win32_1.5.0.202011040924/tools/bin/../lib/gcc/arm-none-eabi/9.3.1/thumb/v7e-m+fp/hard/crtend.o
LOAD c:/st/stm32cubeide_1.6.0/stm32cubeide/plugins/com.st.stm32cube.ide.mcu.externaltools.gnu-tools-for-stm32.9-2020-q2-update.win32_1.5.0.202011040924/tools/bin/../lib/gcc/arm-none-eabi/9.3.1/thumb/v7e-m+fp/hard/crtn.o
                0x0000000020050000                _estack = 0x20050000
                0x0000000000000600                _Min_Heap_Size = 0x600
                0x0000000000001000                _Min_Stack_Size = 0x1000

.isr_vector     0x0000000090000000      0x1c8
                0x0000000090000000                . = ALIGN (0x4)
 *(.isr_vector)
 .isr_vector    0x0000000090000000      0x1c8 Core/Startup/startup_stm32f750n8hx.o
                0x0000000090000000                g_pfnVectors
                0x00000000900001c8                . = ALIGN (0x4)

.text           0x00000000900001c8     0x172c
                0x00000000900001c8                . = ALIGN (0x4)
 *(.text)
 .text          0x00000000900001c8       0x40 c:/st/stm32cubeide_1.6.0/stm32cubeide/plugins/com.st.stm32cube.ide.mcu.externaltools.gnu-tools-for-stm32.9-2020-q2-update.win32_1.5.0.202011040924/tools/bin/../lib/gcc/arm-none-eabi/9.3.1/thumb/v7e-m+fp/hard/crtbegin.o
 .text          0x0000000090000208       0x30 c:/st/stm32cubeide_1.6.0/stm32cubeide/plugins/com.st.stm32cube.ide.mcu.externaltools.gnu-tools-for-stm32.9-2020-q2-update.win32_1.5.0.202011040924/tools/bin/../lib/gcc/arm-none-eabi/9.3.1/thumb/v7e-m+fp/hard\libgcc.a(_aeabi_uldivmod.o)
                0x0000000090000208                __aeabi_uldivmod
 .text          0x0000000090000238      0x2c4 c:/st/stm32cubeide_1.6.0/stm32cubeide/plugins/com.st.stm32cube.ide.mcu.externaltools.gnu-tools-for-stm32.9-2020-q2-update.win32_1.5.0.202011040924/tools/bin/../lib/gcc/arm-none-eabi/9.3.1/thumb/v7e-m+fp/hard\libgcc.a(_udivmoddi4.o)
                0x0000000090000238                __udivmoddi4
 .text          0x00000000900004fc        0x4 c:/st/stm32cubeide_1.6.0/stm32cubeide/plugins/com.st.stm32cube.ide.mcu.externaltools.gnu-tools-for-stm32.9-2020-q2-update.win32_1.5.0.202011040924/tools/bin/../lib/gcc/arm-none-eabi/9.3.1/thumb/v7e-m+fp/hard\libgcc.a(_dvmd_tls.o)
                0x00000000900004fc                __aeabi_idiv0
                0x00000000900004fc                __aeabi_ldiv0
 *(.text*)
 .text.MX_GPIO_Init
                0x0000000090000500       0xac Core/Src/gpio.o
                0x0000000090000500                MX_GPIO_Init
 .text.SCB_EnableICache
                0x00000000900005ac       0x4c Core/Src/main.o
 .text.SCB_EnableDCache
                0x00000000900005f8       0x88 Core/Src/main.o
 .text.app_main
                0x0000000090000680       0x2c Core/Src/main.o
                0x0000000090000680                app_main
 .text.SystemClock_Config
                0x00000000900006ac       0xc0 Core/Src/main.o
                0x00000000900006ac                SystemClock_Config
 .text.Error_Handler
                0x000000009000076c        0xa Core/Src/main.o
                0x000000009000076c                Error_Handler
 *fill*         0x0000000090000776        0x2 
 .text.HAL_MspInit
                0x0000000090000778       0x48 Core/Src/stm32f7xx_hal_msp.o
                0x0000000090000778                HAL_MspInit
 .text.NMI_Handler
                0x00000000900007c0        0x6 Core/Src/stm32f7xx_it.o
                0x00000000900007c0                NMI_Handler
 .text.HardFault_Handler
                0x00000000900007c6        0x6 Core/Src/stm32f7xx_it.o
                0x00000000900007c6                HardFault_Handler
 .text.MemManage_Handler
                0x00000000900007cc        0x6 Core/Src/stm32f7xx_it.o
                0x00000000900007cc                MemManage_Handler
 .text.BusFault_Handler
                0x00000000900007d2        0x6 Core/Src/stm32f7xx_it.o
                0x00000000900007d2                BusFault_Handler
 .text.UsageFault_Handler
                0x00000000900007d8        0x6 Core/Src/stm32f7xx_it.o
                0x00000000900007d8                UsageFault_Handler
 .text.SVC_Handler
                0x00000000900007de        0xe Core/Src/stm32f7xx_it.o
                0x00000000900007de                SVC_Handler
 .text.DebugMon_Handler
                0x00000000900007ec        0xe Core/Src/stm32f7xx_it.o
                0x00000000900007ec                DebugMon_Handler
 .text.PendSV_Handler
                0x00000000900007fa        0xe Core/Src/stm32f7xx_it.o
                0x00000000900007fa                PendSV_Handler
 .text.SysTick_Handler
                0x0000000090000808        0xc Core/Src/stm32f7xx_it.o
                0x0000000090000808                SysTick_Handler
 .text.SystemInit
                0x0000000090000814       0x34 Core/Src/system_stm32f7xx.o
                0x0000000090000814                SystemInit
 .text.Reset_Handler
                0x0000000090000848       0x50 Core/Startup/startup_stm32f750n8hx.o
                0x0000000090000848                Reset_Handler
 .text.Default_Handler
                0x0000000090000898        0x2 Core/Startup/startup_stm32f750n8hx.o
                0x0000000090000898                RTC_Alarm_IRQHandler
                0x0000000090000898                HASH_RNG_IRQHandler
                0x0000000090000898                EXTI2_IRQHandler
                0x0000000090000898                TIM8_CC_IRQHandler
                0x0000000090000898                UART8_IRQHandler
                0x0000000090000898                SPI4_IRQHandler
                0x0000000090000898                TIM1_CC_IRQHandler
                0x0000000090000898                DMA2_Stream5_IRQHandler
                0x0000000090000898                DMA1_Stream5_IRQHandler
                0x0000000090000898                PVD_IRQHandler
                0x0000000090000898                TAMP_STAMP_IRQHandler
                0x0000000090000898                CAN2_RX1_IRQHandler
                0x0000000090000898                EXTI3_IRQHandler
                0x0000000090000898                TIM8_TRG_COM_TIM14_IRQHandler
                0x0000000090000898                TIM1_UP_TIM10_IRQHandler
                0x0000000090000898                TIM8_UP_TIM13_IRQHandler
                0x0000000090000898                I2C3_ER_IRQHandler
                0x0000000090000898                EXTI0_IRQHandler
                0x0000000090000898                I2C2_EV_IRQHandler
                0x0000000090000898                DMA1_Stream2_IRQHandler
                0x0000000090000898                CAN1_RX0_IRQHandler
                0x0000000090000898                FPU_IRQHandler
                0x0000000090000898                OTG_HS_WKUP_IRQHandler
                0x0000000090000898                LTDC_ER_IRQHandler
                0x0000000090000898                CAN2_SCE_IRQHandler
                0x0000000090000898                DMA2_Stream2_IRQHandler
                0x0000000090000898                SPI1_IRQHandler
                0x0000000090000898                TIM6_DAC_IRQHandler
                0x0000000090000898                TIM1_BRK_TIM9_IRQHandler
                0x0000000090000898                DCMI_IRQHandler
                0x0000000090000898                CAN2_RX0_IRQHandler
                0x0000000090000898                DMA2_Stream3_IRQHandler
                0x0000000090000898                SAI2_IRQHandler
                0x0000000090000898                USART6_IRQHandler
                0x0000000090000898                USART3_IRQHandler
                0x0000000090000898                CRYP_IRQHandler
                0x0000000090000898                CAN1_RX1_IRQHandler
                0x0000000090000898                UART5_IRQHandler
                0x0000000090000898                DMA2_Stream0_IRQHandler
                0x0000000090000898                TIM4_IRQHandler
                0x0000000090000898                QUADSPI_IRQHandler
                0x0000000090000898                I2C1_EV_IRQHandler
                0x0000000090000898                DMA1_Stream6_IRQHandler
                0x0000000090000898                DMA1_Stream1_IRQHandler
                0x0000000090000898                UART4_IRQHandler
                0x0000000090000898                TIM3_IRQHandler
                0x0000000090000898                RCC_IRQHandler
                0x0000000090000898                TIM8_BRK_TIM12_IRQHandler
                0x0000000090000898                Default_Handler
                0x0000000090000898                CEC_IRQHandler
                0x0000000090000898                EXTI15_10_IRQHandler
                0x0000000090000898                ADC_IRQHandler
                0x0000000090000898                DMA1_Stream7_IRQHandler
                0x0000000090000898                SPI5_IRQHandler
                0x0000000090000898                TIM7_IRQHandler
                0x0000000090000898                SDMMC1_IRQHandler
                0x0000000090000898                CAN2_TX_IRQHandler
                0x0000000090000898                TIM5_IRQHandler
                0x0000000090000898                DMA2_Stream7_IRQHandler
                0x0000000090000898                I2C3_EV_IRQHandler
                0x0000000090000898                EXTI9_5_IRQHandler
                0x0000000090000898                RTC_WKUP_IRQHandler
                0x0000000090000898                LTDC_IRQHandler
                0x0000000090000898                ETH_WKUP_IRQHandler
                0x0000000090000898                SPDIF_RX_IRQHandler
                0x0000000090000898                SPI2_IRQHandler
                0x0000000090000898                OTG_HS_EP1_IN_IRQHandler
                0x0000000090000898                DMA1_Stream0_IRQHandler
                0x0000000090000898                CAN1_TX_IRQHandler
                0x0000000090000898                EXTI4_IRQHandler
                0x0000000090000898                ETH_IRQHandler
                0x0000000090000898                OTG_HS_EP1_OUT_IRQHandler
                0x0000000090000898                WWDG_IRQHandler
                0x0000000090000898                SPI6_IRQHandler
                0x0000000090000898                I2C4_EV_IRQHandler
                0x0000000090000898                TIM2_IRQHandler
                0x0000000090000898                OTG_FS_WKUP_IRQHandler
                0x0000000090000898                TIM1_TRG_COM_TIM11_IRQHandler
                0x0000000090000898                OTG_HS_IRQHandler
                0x0000000090000898                DMA2D_IRQHandler
                0x0000000090000898                EXTI1_IRQHandler
                0x0000000090000898                UART7_IRQHandler
                0x0000000090000898                USART2_IRQHandler
                0x0000000090000898                I2C2_ER_IRQHandler
                0x0000000090000898                DMA2_Stream1_IRQHandler
                0x0000000090000898                CAN1_SCE_IRQHandler
                0x0000000090000898                FLASH_IRQHandler
                0x0000000090000898                DMA2_Stream4_IRQHandler
                0x0000000090000898                USART1_IRQHandler
                0x0000000090000898                OTG_FS_IRQHandler
                0x0000000090000898                SPI3_IRQHandler
                0x0000000090000898                DMA1_Stream4_IRQHandler
                0x0000000090000898                I2C1_ER_IRQHandler
                0x0000000090000898                FMC_IRQHandler
                0x0000000090000898                LPTIM1_IRQHandler
                0x0000000090000898                I2C4_ER_IRQHandler
                0x0000000090000898                DMA2_Stream6_IRQHandler
                0x0000000090000898                SAI1_IRQHandler
                0x0000000090000898                DMA1_Stream3_IRQHandler
 *fill*         0x000000009000089a        0x2 
 .text.HAL_Init
                0x000000009000089c       0x38 Drivers/STM32F7xx_HAL_Driver/Src/stm32f7xx_hal.o
                0x000000009000089c                HAL_Init
 .text.HAL_InitTick
                0x00000000900008d4       0x60 Drivers/STM32F7xx_HAL_Driver/Src/stm32f7xx_hal.o
                0x00000000900008d4                HAL_InitTick
 .text.HAL_IncTick
                0x0000000090000934       0x28 Drivers/STM32F7xx_HAL_Driver/Src/stm32f7xx_hal.o
                0x0000000090000934                HAL_IncTick
 .text.HAL_GetTick
                0x000000009000095c       0x18 Drivers/STM32F7xx_HAL_Driver/Src/stm32f7xx_hal.o
                0x000000009000095c                HAL_GetTick
 .text.HAL_Delay
                0x0000000090000974       0x48 Drivers/STM32F7xx_HAL_Driver/Src/stm32f7xx_hal.o
                0x0000000090000974                HAL_Delay
 .text.__NVIC_SetPriorityGrouping
                0x00000000900009bc       0x48 Drivers/STM32F7xx_HAL_Driver/Src/stm32f7xx_hal_cortex.o
 .text.__NVIC_GetPriorityGrouping
                0x0000000090000a04       0x1c Drivers/STM32F7xx_HAL_Driver/Src/stm32f7xx_hal_cortex.o
 .text.__NVIC_SetPriority
                0x0000000090000a20       0x54 Drivers/STM32F7xx_HAL_Driver/Src/stm32f7xx_hal_cortex.o
 .text.NVIC_EncodePriority
                0x0000000090000a74       0x66 Drivers/STM32F7xx_HAL_Driver/Src/stm32f7xx_hal_cortex.o
 *fill*         0x0000000090000ada        0x2 
 .text.SysTick_Config
                0x0000000090000adc       0x44 Drivers/STM32F7xx_HAL_Driver/Src/stm32f7xx_hal_cortex.o
 .text.HAL_NVIC_SetPriorityGrouping
                0x0000000090000b20       0x16 Drivers/STM32F7xx_HAL_Driver/Src/stm32f7xx_hal_cortex.o
                0x0000000090000b20                HAL_NVIC_SetPriorityGrouping
 .text.HAL_NVIC_SetPriority
                0x0000000090000b36       0x38 Drivers/STM32F7xx_HAL_Driver/Src/stm32f7xx_hal_cortex.o
                0x0000000090000b36                HAL_NVIC_SetPriority
 .text.HAL_SYSTICK_Config
                0x0000000090000b6e       0x18 Drivers/STM32F7xx_HAL_Driver/Src/stm32f7xx_hal_cortex.o
                0x0000000090000b6e                HAL_SYSTICK_Config
 *fill*         0x0000000090000b86        0x2 
 .text.HAL_GPIO_Init
                0x0000000090000b88      0x358 Drivers/STM32F7xx_HAL_Driver/Src/stm32f7xx_hal_gpio.o
                0x0000000090000b88                HAL_GPIO_Init
 .text.HAL_GPIO_WritePin
                0x0000000090000ee0       0x32 Drivers/STM32F7xx_HAL_Driver/Src/stm32f7xx_hal_gpio.o
                0x0000000090000ee0                HAL_GPIO_WritePin
 .text.HAL_GPIO_TogglePin
                0x0000000090000f12       0x34 Drivers/STM32F7xx_HAL_Driver/Src/stm32f7xx_hal_gpio.o
                0x0000000090000f12                HAL_GPIO_TogglePin
 *fill*         0x0000000090000f46        0x2 
 .text.HAL_PWR_EnableBkUpAccess
                0x0000000090000f48       0x20 Drivers/STM32F7xx_HAL_Driver/Src/stm32f7xx_hal_pwr.o
                0x0000000090000f48                HAL_PWR_EnableBkUpAccess
 .text.HAL_PWREx_EnableOverDrive
                0x0000000090000f68       0xa0 Drivers/STM32F7xx_HAL_Driver/Src/stm32f7xx_hal_pwr_ex.o
                0x0000000090000f68                HAL_PWREx_EnableOverDrive
 .text.HAL_RCC_OscConfig
                0x0000000090001008      0x548 Drivers/STM32F7xx_HAL_Driver/Src/stm32f7xx_hal_rcc.o
                0x0000000090001008                HAL_RCC_OscConfig
 .text.HAL_RCC_ClockConfig
                0x0000000090001550      0x1d8 Drivers/STM32F7xx_HAL_Driver/Src/stm32f7xx_hal_rcc.o
                0x0000000090001550                HAL_RCC_ClockConfig
 .text.HAL_RCC_GetSysClockFreq
                0x0000000090001728      0x16c Drivers/STM32F7xx_HAL_Driver/Src/stm32f7xx_hal_rcc.o
                0x0000000090001728                HAL_RCC_GetSysClockFreq
 .text.__libc_init_array
                0x0000000090001894       0x48 c:/st/stm32cubeide_1.6.0/stm32cubeide/plugins/com.st.stm32cube.ide.mcu.externaltools.gnu-tools-for-stm32.9-2020-q2-update.win32_1.5.0.202011040924/tools/bin/../lib/gcc/arm-none-eabi/9.3.1/../../../../arm-none-eabi/lib/thumb/v7e-m+fp/hard\libc_nano.a(lib_a-init.o)
                0x0000000090001894                __libc_init_array
 *(.glue_7)
 .glue_7        0x00000000900018dc        0x0 linker stubs
 *(.glue_7t)
 .glue_7t       0x00000000900018dc        0x0 linker stubs
 *(.eh_frame)
 .eh_frame      0x00000000900018dc        0x0 c:/st/stm32cubeide_1.6.0/stm32cubeide/plugins/com.st.stm32cube.ide.mcu.externaltools.gnu-tools-for-stm32.9-2020-q2-update.win32_1.5.0.202011040924/tools/bin/../lib/gcc/arm-none-eabi/9.3.1/thumb/v7e-m+fp/hard/crtbegin.o
 *(.init)
 .init          0x00000000900018dc        0x4 c:/st/stm32cubeide_1.6.0/stm32cubeide/plugins/com.st.stm32cube.ide.mcu.externaltools.gnu-tools-for-stm32.9-2020-q2-update.win32_1.5.0.202011040924/tools/bin/../lib/gcc/arm-none-eabi/9.3.1/thumb/v7e-m+fp/hard/crti.o
                0x00000000900018dc                _init
 .init          0x00000000900018e0        0x8 c:/st/stm32cubeide_1.6.0/stm32cubeide/plugins/com.st.stm32cube.ide.mcu.externaltools.gnu-tools-for-stm32.9-2020-q2-update.win32_1.5.0.202011040924/tools/bin/../lib/gcc/arm-none-eabi/9.3.1/thumb/v7e-m+fp/hard/crtn.o
 *(.fini)
 .fini          0x00000000900018e8        0x4 c:/st/stm32cubeide_1.6.0/stm32cubeide/plugins/com.st.stm32cube.ide.mcu.externaltools.gnu-tools-for-stm32.9-2020-q2-update.win32_1.5.0.202011040924/tools/bin/../lib/gcc/arm-none-eabi/9.3.1/thumb/v7e-m+fp/hard/crti.o
                0x00000000900018e8                _fini
 .fini          0x00000000900018ec        0x8 c:/st/stm32cubeide_1.6.0/stm32cubeide/plugins/com.st.stm32cube.ide.mcu.externaltools.gnu-tools-for-stm32.9-2020-q2-update.win32_1.5.0.202011040924/tools/bin/../lib/gcc/arm-none-eabi/9.3.1/thumb/v7e-m+fp/hard/crtn.o
                0x00000000900018f4                . = ALIGN (0x4)
                0x00000000900018f4                _etext = .

.vfp11_veneer   0x00000000900018f4        0x0
 .vfp11_veneer  0x00000000900018f4        0x0 linker stubs

.v4_bx          0x00000000900018f4        0x0
 .v4_bx         0x00000000900018f4        0x0 linker stubs

.iplt           0x00000000900018f4        0x0
 .iplt          0x00000000900018f4        0x0 c:/st/stm32cubeide_1.6.0/stm32cubeide/plugins/com.st.stm32cube.ide.mcu.externaltools.gnu-tools-for-stm32.9-2020-q2-update.win32_1.5.0.202011040924/tools/bin/../lib/gcc/arm-none-eabi/9.3.1/thumb/v7e-m+fp/hard/crtbegin.o

.rodata         0x00000000900018f4       0x10
                0x00000000900018f4                . = ALIGN (0x4)
 *(.rodata)
 *(.rodata*)
 .rodata.AHBPrescTable
                0x00000000900018f4       0x10 Core/Src/system_stm32f7xx.o
                0x00000000900018f4                AHBPrescTable
                0x0000000090001904                . = ALIGN (0x4)

.ARM.extab
 *(.ARM.extab* .gnu.linkonce.armextab.*)

.ARM            0x0000000090001904        0x8
                0x0000000090001904                __exidx_start = .
 *(.ARM.exidx*)
 .ARM.exidx     0x0000000090001904        0x8 c:/st/stm32cubeide_1.6.0/stm32cubeide/plugins/com.st.stm32cube.ide.mcu.externaltools.gnu-tools-for-stm32.9-2020-q2-update.win32_1.5.0.202011040924/tools/bin/../lib/gcc/arm-none-eabi/9.3.1/thumb/v7e-m+fp/hard\libgcc.a(_udivmoddi4.o)
                0x000000009000190c                __exidx_end = .

.rel.dyn        0x000000009000190c        0x0
 .rel.iplt      0x000000009000190c        0x0 c:/st/stm32cubeide_1.6.0/stm32cubeide/plugins/com.st.stm32cube.ide.mcu.externaltools.gnu-tools-for-stm32.9-2020-q2-update.win32_1.5.0.202011040924/tools/bin/../lib/gcc/arm-none-eabi/9.3.1/thumb/v7e-m+fp/hard/crtbegin.o

.preinit_array  0x000000009000190c        0x0
                0x000000009000190c                PROVIDE (__preinit_array_start = .)
 *(.preinit_array*)
                0x000000009000190c                PROVIDE (__preinit_array_end = .)

.init_array     0x000000009000190c        0x4
                0x000000009000190c                PROVIDE (__init_array_start = .)
 *(SORT_BY_NAME(.init_array.*))
 *(.init_array*)
 .init_array    0x000000009000190c        0x4 c:/st/stm32cubeide_1.6.0/stm32cubeide/plugins/com.st.stm32cube.ide.mcu.externaltools.gnu-tools-for-stm32.9-2020-q2-update.win32_1.5.0.202011040924/tools/bin/../lib/gcc/arm-none-eabi/9.3.1/thumb/v7e-m+fp/hard/crtbegin.o
                0x0000000090001910                PROVIDE (__init_array_end = .)

.fini_array     0x0000000090001910        0x4
                [!provide]                        PROVIDE (__fini_array_start = .)
 *(SORT_BY_NAME(.fini_array.*))
 *(.fini_array*)
 .fini_array    0x0000000090001910        0x4 c:/st/stm32cubeide_1.6.0/stm32cubeide/plugins/com.st.stm32cube.ide.mcu.externaltools.gnu-tools-for-stm32.9-2020-q2-update.win32_1.5.0.202011040924/tools/bin/../lib/gcc/arm-none-eabi/9.3.1/thumb/v7e-m+fp/hard/crtbegin.o
                [!provide]                        PROVIDE (__fini_array_end = .)
                0x0000000090001914                _sidata = LOADADDR (.data)

.data           0x0000000020000000        0xc load address 0x0000000090001914
                0x0000000020000000                . = ALIGN (0x4)
                0x0000000020000000                _sdata = .
 *(.data)
 *(.data*)
 .data.SystemCoreClock
                0x0000000020000000        0x4 Core/Src/system_stm32f7xx.o
                0x0000000020000000                SystemCoreClock
 .data.uwTickPrio
                0x0000000020000004        0x4 Drivers/STM32F7xx_HAL_Driver/Src/stm32f7xx_hal.o
                0x0000000020000004                uwTickPrio
 .data.uwTickFreq
                0x0000000020000008        0x1 Drivers/STM32F7xx_HAL_Driver/Src/stm32f7xx_hal.o
                0x0000000020000008                uwTickFreq
                0x000000002000000c                . = ALIGN (0x4)
 *fill*         0x0000000020000009        0x3 
                0x000000002000000c                _edata = .

.igot.plt       0x000000002000000c        0x0 load address 0x0000000090001920
 .igot.plt      0x000000002000000c        0x0 c:/st/stm32cubeide_1.6.0/stm32cubeide/plugins/com.st.stm32cube.ide.mcu.externaltools.gnu-tools-for-stm32.9-2020-q2-update.win32_1.5.0.202011040924/tools/bin/../lib/gcc/arm-none-eabi/9.3.1/thumb/v7e-m+fp/hard/crtbegin.o
                0x000000002000000c                . = ALIGN (0x4)

.bss            0x000000002000000c       0x20 load address 0x0000000090001920
                0x000000002000000c                _sbss = .
                0x000000002000000c                __bss_start__ = _sbss
 *(.bss)
 .bss           0x000000002000000c       0x1c c:/st/stm32cubeide_1.6.0/stm32cubeide/plugins/com.st.stm32cube.ide.mcu.externaltools.gnu-tools-for-stm32.9-2020-q2-update.win32_1.5.0.202011040924/tools/bin/../lib/gcc/arm-none-eabi/9.3.1/thumb/v7e-m+fp/hard/crtbegin.o
 *(.bss*)
 *(COMMON)
 COMMON         0x0000000020000028        0x4 Drivers/STM32F7xx_HAL_Driver/Src/stm32f7xx_hal.o
                0x0000000020000028                uwTick
                0x000000002000002c                . = ALIGN (0x4)
                0x000000002000002c                _ebss = .
                0x000000002000002c                __bss_end__ = _ebss

._user_heap_stack
                0x000000002000002c     0x1604 load address 0x0000000090001920
                0x0000000020000030                . = ALIGN (0x8)
 *fill*         0x000000002000002c        0x4 
                [!provide]                        PROVIDE (end = .)
                0x0000000020000030                PROVIDE (_end = .)
                0x0000000020000630                . = (. + _Min_Heap_Size)
 *fill*         0x0000000020000030      0x600 
                0x0000000020001630                . = (. + _Min_Stack_Size)
 *fill*         0x0000000020000630     0x1000 
                0x0000000020001630                . = ALIGN (0x8)

/DISCARD/
 libc.a(*)
 libm.a(*)
 libgcc.a(*)

.ARM.attributes
                0x0000000000000000       0x30
 *(.ARM.attributes)
 .ARM.attributes
                0x0000000000000000       0x1e c:/st/stm32cubeide_1.6.0/stm32cubeide/plugins/com.st.stm32cube.ide.mcu.externaltools.gnu-tools-for-stm32.9-2020-q2-update.win32_1.5.0.202011040924/tools/bin/../lib/gcc/arm-none-eabi/9.3.1/thumb/v7e-m+fp/hard/crti.o
 .ARM.attributes
                0x000000000000001e       0x34 c:/st/stm32cubeide_1.6.0/stm32cubeide/plugins/com.st.stm32cube.ide.mcu.externaltools.gnu-tools-for-stm32.9-2020-q2-update.win32_1.5.0.202011040924/tools/bin/../lib/gcc/arm-none-eabi/9.3.1/thumb/v7e-m+fp/hard/crtbegin.o
 .ARM.attributes
                0x0000000000000052       0x34 Core/Src/gpio.o
 .ARM.attributes
                0x0000000000000086       0x34 Core/Src/main.o
 .ARM.attributes
                0x00000000000000ba       0x34 Core/Src/stm32f7xx_hal_msp.o
 .ARM.attributes
                0x00000000000000ee       0x34 Core/Src/stm32f7xx_it.o
 .ARM.attributes
                0x0000000000000122       0x34 Core/Src/system_stm32f7xx.o
 .ARM.attributes
                0x0000000000000156       0x21 Core/Startup/startup_stm32f750n8hx.o
 .ARM.attributes
                0x0000000000000177       0x34 Drivers/STM32F7xx_HAL_Driver/Src/stm32f7xx_hal.o
 .ARM.attributes
                0x00000000000001ab       0x34 Drivers/STM32F7xx_HAL_Driver/Src/stm32f7xx_hal_cortex.o
 .ARM.attributes
                0x00000000000001df       0x34 Drivers/STM32F7xx_HAL_Driver/Src/stm32f7xx_hal_gpio.o
 .ARM.attributes
                0x0000000000000213       0x34 Drivers/STM32F7xx_HAL_Driver/Src/stm32f7xx_hal_pwr.o
 .ARM.attributes
                0x0000000000000247       0x34 Drivers/STM32F7xx_HAL_Driver/Src/stm32f7xx_hal_pwr_ex.o
 .ARM.attributes
                0x000000000000027b       0x34 Drivers/STM32F7xx_HAL_Driver/Src/stm32f7xx_hal_rcc.o
 .ARM.attributes
                0x00000000000002af       0x34 c:/st/stm32cubeide_1.6.0/stm32cubeide/plugins/com.st.stm32cube.ide.mcu.externaltools.gnu-tools-for-stm32.9-2020-q2-update.win32_1.5.0.202011040924/tools/bin/../lib/gcc/arm-none-eabi/9.3.1/../../../../arm-none-eabi/lib/thumb/v7e-m+fp/hard\libc_nano.a(lib_a-init.o)
 .ARM.attributes
                0x00000000000002e3       0x1e c:/st/stm32cubeide_1.6.0/stm32cubeide/plugins/com.st.stm32cube.ide.mcu.externaltools.gnu-tools-for-stm32.9-2020-q2-update.win32_1.5.0.202011040924/tools/bin/../lib/gcc/arm-none-eabi/9.3.1/thumb/v7e-m+fp/hard\libgcc.a(_aeabi_uldivmod.o)
 .ARM.attributes
                0x0000000000000301       0x34 c:/st/stm32cubeide_1.6.0/stm32cubeide/plugins/com.st.stm32cube.ide.mcu.externaltools.gnu-tools-for-stm32.9-2020-q2-update.win32_1.5.0.202011040924/tools/bin/../lib/gcc/arm-none-eabi/9.3.1/thumb/v7e-m+fp/hard\libgcc.a(_udivmoddi4.o)
 .ARM.attributes
                0x0000000000000335       0x1e c:/st/stm32cubeide_1.6.0/stm32cubeide/plugins/com.st.stm32cube.ide.mcu.externaltools.gnu-tools-for-stm32.9-2020-q2-update.win32_1.5.0.202011040924/tools/bin/../lib/gcc/arm-none-eabi/9.3.1/thumb/v7e-m+fp/hard\libgcc.a(_dvmd_tls.o)
 .ARM.attributes
                0x0000000000000353       0x1e c:/st/stm32cubeide_1.6.0/stm32cubeide/plugins/com.st.stm32cube.ide.mcu.externaltools.gnu-tools-for-stm32.9-2020-q2-update.win32_1.5.0.202011040924/tools/bin/../lib/gcc/arm-none-eabi/9.3.1/thumb/v7e-m+fp/hard/crtn.o
OUTPUT(NEON_APP.elf elf32-littlearm)
LOAD linker stubs
LOAD c:/st/stm32cubeide_1.6.0/stm32cubeide/plugins/com.st.stm32cube.ide.mcu.externaltools.gnu-tools-for-stm32.9-2020-q2-update.win32_1.5.0.202011040924/tools/bin/../lib/gcc/arm-none-eabi/9.3.1/../../../../arm-none-eabi/lib/thumb/v7e-m+fp/hard\libc.a
LOAD c:/st/stm32cubeide_1.6.0/stm32cubeide/plugins/com.st.stm32cube.ide.mcu.externaltools.gnu-tools-for-stm32.9-2020-q2-update.win32_1.5.0.202011040924/tools/bin/../lib/gcc/arm-none-eabi/9.3.1/../../../../arm-none-eabi/lib/thumb/v7e-m+fp/hard\libm.a
LOAD c:/st/stm32cubeide_1.6.0/stm32cubeide/plugins/com.st.stm32cube.ide.mcu.externaltools.gnu-tools-for-stm32.9-2020-q2-update.win32_1.5.0.202011040924/tools/bin/../lib/gcc/arm-none-eabi/9.3.1/thumb/v7e-m+fp/hard\libgcc.a

.debug_info     0x0000000000000000     0x6084
 .debug_info    0x0000000000000000      0x53c Core/Src/gpio.o
 .debug_info    0x000000000000053c      0xb47 Core/Src/main.o
 .debug_info    0x0000000000001083      0x3be Core/Src/stm32f7xx_hal_msp.o
 .debug_info    0x0000000000001441      0x222 Core/Src/stm32f7xx_it.o
 .debug_info    0x0000000000001663      0x7ad Core/Src/system_stm32f7xx.o
 .debug_info    0x0000000000001e10       0x22 Core/Startup/startup_stm32f750n8hx.o
 .debug_info    0x0000000000001e32      0xac0 Drivers/STM32F7xx_HAL_Driver/Src/stm32f7xx_hal.o
 .debug_info    0x00000000000028f2     0x111c Drivers/STM32F7xx_HAL_Driver/Src/stm32f7xx_hal_cortex.o
 .debug_info    0x0000000000003a0e      0x868 Drivers/STM32F7xx_HAL_Driver/Src/stm32f7xx_hal_gpio.o
 .debug_info    0x0000000000004276      0xa4c Drivers/STM32F7xx_HAL_Driver/Src/stm32f7xx_hal_pwr.o
 .debug_info    0x0000000000004cc2      0x9f6 Drivers/STM32F7xx_HAL_Driver/Src/stm32f7xx_hal_pwr_ex.o
 .debug_info    0x00000000000056b8      0x9cc Drivers/STM32F7xx_HAL_Driver/Src/stm32f7xx_hal_rcc.o

.debug_abbrev   0x0000000000000000     0x13e5
 .debug_abbrev  0x0000000000000000      0x14e Core/Src/gpio.o
 .debug_abbrev  0x000000000000014e      0x217 Core/Src/main.o
 .debug_abbrev  0x0000000000000365      0x11d Core/Src/stm32f7xx_hal_msp.o
 .debug_abbrev  0x0000000000000482       0xd2 Core/Src/stm32f7xx_it.o
 .debug_abbrev  0x0000000000000554      0x165 Core/Src/system_stm32f7xx.o
 .debug_abbrev  0x00000000000006b9       0x12 Core/Startup/startup_stm32f750n8hx.o
 .debug_abbrev  0x00000000000006cb      0x1ed Drivers/STM32F7xx_HAL_Driver/Src/stm32f7xx_hal.o
 .debug_abbrev  0x00000000000008b8      0x33c Drivers/STM32F7xx_HAL_Driver/Src/stm32f7xx_hal_cortex.o
 .debug_abbrev  0x0000000000000bf4      0x1f1 Drivers/STM32F7xx_HAL_Driver/Src/stm32f7xx_hal_gpio.o
 .debug_abbrev  0x0000000000000de5      0x1de Drivers/STM32F7xx_HAL_Driver/Src/stm32f7xx_hal_pwr.o
 .debug_abbrev  0x0000000000000fc3      0x1dc Drivers/STM32F7xx_HAL_Driver/Src/stm32f7xx_hal_pwr_ex.o
 .debug_abbrev  0x000000000000119f      0x246 Drivers/STM32F7xx_HAL_Driver/Src/stm32f7xx_hal_rcc.o

.debug_aranges  0x0000000000000000      0x548
 .debug_aranges
                0x0000000000000000       0x20 Core/Src/gpio.o
 .debug_aranges
                0x0000000000000020       0x40 Core/Src/main.o
 .debug_aranges
                0x0000000000000060       0x20 Core/Src/stm32f7xx_hal_msp.o
 .debug_aranges
                0x0000000000000080       0x60 Core/Src/stm32f7xx_it.o
 .debug_aranges
                0x00000000000000e0       0x28 Core/Src/system_stm32f7xx.o
 .debug_aranges
                0x0000000000000108       0x28 Core/Startup/startup_stm32f750n8hx.o
 .debug_aranges
                0x0000000000000130      0x100 Drivers/STM32F7xx_HAL_Driver/Src/stm32f7xx_hal.o
 .debug_aranges
                0x0000000000000230      0x118 Drivers/STM32F7xx_HAL_Driver/Src/stm32f7xx_hal_cortex.o
 .debug_aranges
                0x0000000000000348       0x58 Drivers/STM32F7xx_HAL_Driver/Src/stm32f7xx_hal_gpio.o
 .debug_aranges
                0x00000000000003a0       0xa0 Drivers/STM32F7xx_HAL_Driver/Src/stm32f7xx_hal_pwr.o
 .debug_aranges
                0x0000000000000440       0x80 Drivers/STM32F7xx_HAL_Driver/Src/stm32f7xx_hal_pwr_ex.o
 .debug_aranges
                0x00000000000004c0       0x88 Drivers/STM32F7xx_HAL_Driver/Src/stm32f7xx_hal_rcc.o

.debug_ranges   0x0000000000000000      0x490
 .debug_ranges  0x0000000000000000       0x10 Core/Src/gpio.o
 .debug_ranges  0x0000000000000010       0x30 Core/Src/main.o
 .debug_ranges  0x0000000000000040       0x10 Core/Src/stm32f7xx_hal_msp.o
 .debug_ranges  0x0000000000000050       0x50 Core/Src/stm32f7xx_it.o
 .debug_ranges  0x00000000000000a0       0x18 Core/Src/system_stm32f7xx.o
 .debug_ranges  0x00000000000000b8       0x20 Core/Startup/startup_stm32f750n8hx.o
 .debug_ranges  0x00000000000000d8       0xf0 Drivers/STM32F7xx_HAL_Driver/Src/stm32f7xx_hal.o
 .debug_ranges  0x00000000000001c8      0x108 Drivers/STM32F7xx_HAL_Driver/Src/stm32f7xx_hal_cortex.o
 .debug_ranges  0x00000000000002d0       0x48 Drivers/STM32F7xx_HAL_Driver/Src/stm32f7xx_hal_gpio.o
 .debug_ranges  0x0000000000000318       0x90 Drivers/STM32F7xx_HAL_Driver/Src/stm32f7xx_hal_pwr.o
 .debug_ranges  0x00000000000003a8       0x70 Drivers/STM32F7xx_HAL_Driver/Src/stm32f7xx_hal_pwr_ex.o
 .debug_ranges  0x0000000000000418       0x78 Drivers/STM32F7xx_HAL_Driver/Src/stm32f7xx_hal_rcc.o

.debug_macro    0x0000000000000000    0x2404d
 .debug_macro   0x0000000000000000      0x1cf Core/Src/gpio.o
 .debug_macro   0x00000000000001cf      0xaa8 Core/Src/gpio.o
 .debug_macro   0x0000000000000c77      0x287 Core/Src/gpio.o
 .debug_macro   0x0000000000000efe       0x2e Core/Src/gpio.o
 .debug_macro   0x0000000000000f2c       0x3b Core/Src/gpio.o
 .debug_macro   0x0000000000000f67       0x22 Core/Src/gpio.o
 .debug_macro   0x0000000000000f89       0x8e Core/Src/gpio.o
 .debug_macro   0x0000000000001017       0x51 Core/Src/gpio.o
 .debug_macro   0x0000000000001068      0x103 Core/Src/gpio.o
 .debug_macro   0x000000000000116b       0x6a Core/Src/gpio.o
 .debug_macro   0x00000000000011d5      0x1df Core/Src/gpio.o
 .debug_macro   0x00000000000013b4       0x1c Core/Src/gpio.o
 .debug_macro   0x00000000000013d0       0x22 Core/Src/gpio.o
 .debug_macro   0x00000000000013f2       0xdf Core/Src/gpio.o
 .debug_macro   0x00000000000014d1     0x12cd Core/Src/gpio.o
 .debug_macro   0x000000000000279e      0x11f Core/Src/gpio.o
 .debug_macro   0x00000000000028bd       0x19 Core/Src/gpio.o
 .debug_macro   0x00000000000028d6    0x19826 Core/Src/gpio.o
 .debug_macro   0x000000000001c0fc       0x43 Core/Src/gpio.o
 .debug_macro   0x000000000001c13f     0x36c9 Core/Src/gpio.o
 .debug_macro   0x000000000001f808      0x174 Core/Src/gpio.o
 .debug_macro   0x000000000001f97c       0x63 Core/Src/gpio.o
 .debug_macro   0x000000000001f9df     0x1939 Core/Src/gpio.o
 .debug_macro   0x0000000000021318      0x6c4 Core/Src/gpio.o
 .debug_macro   0x00000000000219dc      0x185 Core/Src/gpio.o
 .debug_macro   0x0000000000021b61      0x117 Core/Src/gpio.o
 .debug_macro   0x0000000000021c78      0x1fe Core/Src/gpio.o
 .debug_macro   0x0000000000021e76       0x27 Core/Src/gpio.o
 .debug_macro   0x0000000000021e9d      0x24f Core/Src/gpio.o
 .debug_macro   0x00000000000220ec       0x41 Core/Src/gpio.o
 .debug_macro   0x000000000002212d       0x58 Core/Src/gpio.o
 .debug_macro   0x0000000000022185      0x236 Core/Src/gpio.o
 .debug_macro   0x00000000000223bb      0x125 Core/Src/gpio.o
 .debug_macro   0x00000000000224e0      0x231 Core/Src/gpio.o
 .debug_macro   0x0000000000022711       0x12 Core/Src/gpio.o
 .debug_macro   0x0000000000022723      0x22c Core/Src/gpio.o
 .debug_macro   0x000000000002294f       0x61 Core/Src/gpio.o
 .debug_macro   0x00000000000229b0       0xa5 Core/Src/gpio.o
 .debug_macro   0x0000000000022a55      0x12f Core/Src/gpio.o
 .debug_macro   0x0000000000022b84      0x108 Core/Src/gpio.o
 .debug_macro   0x0000000000022c8c       0x35 Core/Src/gpio.o
 .debug_macro   0x0000000000022cc1      0x14e Core/Src/gpio.o
 .debug_macro   0x0000000000022e0f      0x1d9 Core/Src/main.o
 .debug_macro   0x0000000000022fe8      0x1c5 Core/Src/stm32f7xx_hal_msp.o
 .debug_macro   0x00000000000231ad      0x1cf Core/Src/stm32f7xx_it.o
 .debug_macro   0x000000000002337c      0x1bb Core/Src/system_stm32f7xx.o
 .debug_macro   0x0000000000023537      0x1df Drivers/STM32F7xx_HAL_Driver/Src/stm32f7xx_hal.o
 .debug_macro   0x0000000000023716      0x1bb Drivers/STM32F7xx_HAL_Driver/Src/stm32f7xx_hal_cortex.o
 .debug_macro   0x00000000000238d1      0x1f1 Drivers/STM32F7xx_HAL_Driver/Src/stm32f7xx_hal_gpio.o
 .debug_macro   0x0000000000023ac2      0x1d9 Drivers/STM32F7xx_HAL_Driver/Src/stm32f7xx_hal_pwr.o
 .debug_macro   0x0000000000023c9b      0x1d3 Drivers/STM32F7xx_HAL_Driver/Src/stm32f7xx_hal_pwr_ex.o
 .debug_macro   0x0000000000023e6e      0x1df Drivers/STM32F7xx_HAL_Driver/Src/stm32f7xx_hal_rcc.o

.debug_line     0x0000000000000000     0x64b4
 .debug_line    0x0000000000000000      0x69d Core/Src/gpio.o
 .debug_line    0x000000000000069d      0x823 Core/Src/main.o
 .debug_line    0x0000000000000ec0      0x68e Core/Src/stm32f7xx_hal_msp.o
 .debug_line    0x000000000000154e      0x750 Core/Src/stm32f7xx_it.o
 .debug_line    0x0000000000001c9e      0x719 Core/Src/system_stm32f7xx.o
 .debug_line    0x00000000000023b7       0x85 Core/Startup/startup_stm32f750n8hx.o
 .debug_line    0x000000000000243c      0x9a0 Drivers/STM32F7xx_HAL_Driver/Src/stm32f7xx_hal.o
 .debug_line    0x0000000000002ddc      0xc24 Drivers/STM32F7xx_HAL_Driver/Src/stm32f7xx_hal_cortex.o
 .debug_line    0x0000000000003a00      0xb20 Drivers/STM32F7xx_HAL_Driver/Src/stm32f7xx_hal_gpio.o
 .debug_line    0x0000000000004520      0x8a2 Drivers/STM32F7xx_HAL_Driver/Src/stm32f7xx_hal_pwr.o
 .debug_line    0x0000000000004dc2      0x913 Drivers/STM32F7xx_HAL_Driver/Src/stm32f7xx_hal_pwr_ex.o
 .debug_line    0x00000000000056d5      0xddf Drivers/STM32F7xx_HAL_Driver/Src/stm32f7xx_hal_rcc.o

.debug_str      0x0000000000000000    0xde3f3
 .debug_str     0x0000000000000000    0xdc98d Core/Src/gpio.o
                                      0xdd05b (size before relaxing)
 .debug_str     0x00000000000dc98d      0x2f1 Core/Src/main.o
                                      0xdd2e3 (size before relaxing)
 .debug_str     0x00000000000dcc7e       0x2c Core/Src/stm32f7xx_hal_msp.o
                                      0xdcfbe (size before relaxing)
 .debug_str     0x00000000000dccaa       0xbd Core/Src/stm32f7xx_it.o
                                      0xdcf2f (size before relaxing)
 .debug_str     0x00000000000dcd67       0x5b Core/Src/system_stm32f7xx.o
                                      0xdd0f9 (size before relaxing)
 .debug_str     0x00000000000dcdc2       0x36 Core/Startup/startup_stm32f750n8hx.o
                                         0x5d (size before relaxing)
 .debug_str     0x00000000000dcdf8      0x947 Drivers/STM32F7xx_HAL_Driver/Src/stm32f7xx_hal.o
                                      0xdd9f7 (size before relaxing)
 .debug_str     0x00000000000dd73f      0x394 Drivers/STM32F7xx_HAL_Driver/Src/stm32f7xx_hal_cortex.o
                                      0xdda76 (size before relaxing)
 .debug_str     0x00000000000ddad3      0x249 Drivers/STM32F7xx_HAL_Driver/Src/stm32f7xx_hal_gpio.o
                                      0xdd2e4 (size before relaxing)
 .debug_str     0x00000000000ddd1c      0x2c5 Drivers/STM32F7xx_HAL_Driver/Src/stm32f7xx_hal_pwr.o
                                      0xdd3c6 (size before relaxing)
 .debug_str     0x00000000000ddfe1      0x1bd Drivers/STM32F7xx_HAL_Driver/Src/stm32f7xx_hal_pwr_ex.o
                                      0xdd388 (size before relaxing)
 .debug_str     0x00000000000de19e      0x255 Drivers/STM32F7xx_HAL_Driver/Src/stm32f7xx_hal_rcc.o
                                      0xdd429 (size before relaxing)

.comment        0x0000000000000000       0x53
 .comment       0x0000000000000000       0x53 Core/Src/gpio.o
                                         0x54 (size before relaxing)
 .comment       0x0000000000000053       0x54 Core/Src/main.o
 .comment       0x0000000000000053       0x54 Core/Src/stm32f7xx_hal_msp.o
 .comment       0x0000000000000053       0x54 Core/Src/stm32f7xx_it.o
 .comment       0x0000000000000053       0x54 Core/Src/system_stm32f7xx.o
 .comment       0x0000000000000053       0x54 Drivers/STM32F7xx_HAL_Driver/Src/stm32f7xx_hal.o
 .comment       0x0000000000000053       0x54 Drivers/STM32F7xx_HAL_Driver/Src/stm32f7xx_hal_cortex.o
 .comment       0x0000000000000053       0x54 Drivers/STM32F7xx_HAL_Driver/Src/stm32f7xx_hal_gpio.o
 .comment       0x0000000000000053       0x54 Drivers/STM32F7xx_HAL_Driver/Src/stm32f7xx_hal_pwr.o
 .comment       0x0000000000000053       0x54 Drivers/STM32F7xx_HAL_Driver/Src/stm32f7xx_hal_pwr_ex.o
 .comment       0x0000000000000053       0x54 Drivers/STM32F7xx_HAL_Driver/Src/stm32f7xx_hal_rcc.o

.debug_frame    0x0000000000000000     0x12a8
 .debug_frame   0x0000000000000000       0x34 Core/Src/gpio.o
 .debug_frame   0x0000000000000034       0xb0 Core/Src/main.o
 .debug_frame   0x00000000000000e4       0x38 Core/Src/stm32f7xx_hal_msp.o
 .debug_frame   0x000000000000011c      0x104 Core/Src/stm32f7xx_it.o
 .debug_frame   0x0000000000000220       0x58 Core/Src/system_stm32f7xx.o
 .debug_frame   0x0000000000000278      0x3b4 Drivers/STM32F7xx_HAL_Driver/Src/stm32f7xx_hal.o
 .debug_frame   0x000000000000062c      0x498 Drivers/STM32F7xx_HAL_Driver/Src/stm32f7xx_hal_cortex.o
 .debug_frame   0x0000000000000ac4      0x14c Drivers/STM32F7xx_HAL_Driver/Src/stm32f7xx_hal_gpio.o
 .debug_frame   0x0000000000000c10      0x254 Drivers/STM32F7xx_HAL_Driver/Src/stm32f7xx_hal_pwr.o
 .debug_frame   0x0000000000000e64      0x1c8 Drivers/STM32F7xx_HAL_Driver/Src/stm32f7xx_hal_pwr_ex.o
 .debug_frame   0x000000000000102c      0x1f0 Drivers/STM32F7xx_HAL_Driver/Src/stm32f7xx_hal_rcc.o
 .debug_frame   0x000000000000121c       0x2c c:/st/stm32cubeide_1.6.0/stm32cubeide/plugins/com.st.stm32cube.ide.mcu.externaltools.gnu-tools-for-stm32.9-2020-q2-update.win32_1.5.0.202011040924/tools/bin/../lib/gcc/arm-none-eabi/9.3.1/../../../../arm-none-eabi/lib/thumb/v7e-m+fp/hard\libc_nano.a(lib_a-init.o)
 .debug_frame   0x0000000000001248       0x2c c:/st/stm32cubeide_1.6.0/stm32cubeide/plugins/com.st.stm32cube.ide.mcu.externaltools.gnu-tools-for-stm32.9-2020-q2-update.win32_1.5.0.202011040924/tools/bin/../lib/gcc/arm-none-eabi/9.3.1/thumb/v7e-m+fp/hard\libgcc.a(_aeabi_uldivmod.o)
 .debug_frame   0x0000000000001274       0x34 c:/st/stm32cubeide_1.6.0/stm32cubeide/plugins/com.st.stm32cube.ide.mcu.externaltools.gnu-tools-for-stm32.9-2020-q2-update.win32_1.5.0.202011040924/tools/bin/../lib/gcc/arm-none-eabi/9.3.1/thumb/v7e-m+fp/hard\libgcc.a(_udivmoddi4.o)
