quadspi.c:35:6:MX_QUADSPI_Init	8	static
quadspi.c:64:6:HAL_QSPI_MspInit	56	static
quadspi.c:121:6:HAL_QSPI_MspDeInit	16	static
quadspi.c:158:1:CSP_QUADSPI_Init	8	static
quadspi.c:181:1:CSP_QSPI_Erase_Chip	64	static
quadspi.c:211:1:QSPI_AutoPollingMemReady	88	static
quadspi.c:241:1:QSPI_WriteEnable	88	static
quadspi.c:279:1:QSPI_Configuration	72	static
quadspi.c:346:1:CSP_QSPI_EraseSector	72	static
quadspi.c:384:1:CSP_QSPI_WriteMemory	96	static
quadspi.c:459:1:CSP_QSPI_EnableMemoryMappedMode	72	static
quadspi.c:487:1:QSPI_ResetChip	72	static,ignoring_inline_asm
